#-----------------------------------------------------------
# Vivado v2024.2 (64-bit)
# SW Build 5239630 on Fri Nov 08 22:34:34 MST 2024
# IP Build 5239520 on Sun Nov 10 16:12:51 MST 2024
# SharedData Build 5239561 on Fri Nov 08 14:39:27 MST 2024
# Start of session at: Sat May  9 13:47:40 2026
# Process ID         : 447385
# Current directory  : /home/sangwoo/Downloads/unified_butterfly2/unified_butterfly2.runs/blk_mem_gen_0_synth_1
# Command line       : vivado -log blk_mem_gen_0.vds -product Vivado -mode batch -messageDb vivado.pb -notrace -source blk_mem_gen_0.tcl
# Log file           : /home/sangwoo/Downloads/unified_butterfly2/unified_butterfly2.runs/blk_mem_gen_0_synth_1/blk_mem_gen_0.vds
# Journal file       : /home/sangwoo/Downloads/unified_butterfly2/unified_butterfly2.runs/blk_mem_gen_0_synth_1/vivado.jou
# Running On         : kyc-system-product-name
# Platform           : Ubuntu
# Operating System   : Ubuntu 22.04.5 LTS
# Processor Detail   : Intel(R) Core(TM) i9-14900K
# CPU Frequency      : 3400.000 MHz
# CPU Physical cores : 24
# CPU Logical cores  : 32
# Host memory        : 33446 MB
# Swap memory        : 17179 MB
# Total Virtual      : 50626 MB
# Available Virtual  : 41091 MB
#-----------------------------------------------------------
source blk_mem_gen_0.tcl -notrace
