Copyright 1986-2022 Xilinx, Inc. All Rights Reserved. Copyright 2022-2024 Advanced Micro Devices, Inc. All Rights Reserved.
------------------------------------------------------------------------------------------------------------------------------------------------------------------------------------------------------------------------------
| Tool Version : Vivado v.2024.2 (lin64) Build 5239630 Fri Nov 08 22:34:34 MST 2024
| Date         : Sat May  9 15:42:59 2026
| Host         : kyc-system-product-name running 64-bit Ubuntu 22.04.5 LTS
| Command      : report_bus_skew -warn_on_violation -file cw305_unified_butterfly2_top_v4_bus_skew_routed.rpt -pb cw305_unified_butterfly2_top_v4_bus_skew_routed.pb -rpx cw305_unified_butterfly2_top_v4_bus_skew_routed.rpx
| Design       : cw305_unified_butterfly2_top_v4
| Device       : 7a100t-ftg256
| Speed File   : -1  PRODUCTION 1.23 2018-06-13
| Design State : Routed
------------------------------------------------------------------------------------------------------------------------------------------------------------------------------------------------------------------------------

Bus Skew Report

No bus skew constraints

