Copyright 1986-2022 Xilinx, Inc. All Rights Reserved. Copyright 2022-2024 Advanced Micro Devices, Inc. All Rights Reserved.
-----------------------------------------------------------------------------------------------------------------------------------------------------------------------------------------------------------------------------------
| Tool Version : Vivado v.2024.2 (lin64) Build 5239630 Fri Nov 08 22:34:34 MST 2024
| Date         : Sat May  9 15:42:59 2026
| Host         : kyc-system-product-name running 64-bit Ubuntu 22.04.5 LTS
| Command      : report_methodology -file cw305_unified_butterfly2_top_v4_methodology_drc_routed.rpt -pb cw305_unified_butterfly2_top_v4_methodology_drc_routed.pb -rpx cw305_unified_butterfly2_top_v4_methodology_drc_routed.rpx
| Design       : cw305_unified_butterfly2_top_v4
| Device       : xc7a100tftg256-1
| Speed File   : -1
| Design State : Fully Routed
-----------------------------------------------------------------------------------------------------------------------------------------------------------------------------------------------------------------------------------

Report Methodology

Table of Contents
-----------------
1. REPORT SUMMARY
2. REPORT DETAILS

1. REPORT SUMMARY
-----------------
            Netlist: netlist
          Floorplan: design_1
      Design limits: <entire design considered>
             Max checks: <unlimited>
             Checks found: 62
+----------+----------+------------------------------------------+--------+
| Rule     | Severity | Description                              | Checks |
+----------+----------+------------------------------------------+--------+
| SYNTH-10 | Warning  | Wide multiplier                          | 11     |
| XDCH-2   | Warning  | Same min and max delay values on IO port | 51     |
+----------+----------+------------------------------------------+--------+

2. REPORT DETAILS
-----------------
SYNTH-10#1 Warning
Wide multiplier  
Detected multiplier at U_butterfly/core/MR1/m_full of size 16x18, it is decomposed from a wide multipler into 4 DSP blocks.
Related violations: <none>

SYNTH-10#2 Warning
Wide multiplier  
Detected multiplier at U_butterfly/core/MR1/m_full__0 of size 18x18, it is decomposed from a wide multipler into 4 DSP blocks.
Related violations: <none>

SYNTH-10#3 Warning
Wide multiplier  
Detected multiplier at U_butterfly/core/MR1/m_s1_reg of size 18x16, it is decomposed from a wide multipler into 4 DSP blocks.
Related violations: <none>

SYNTH-10#4 Warning
Wide multiplier  
Detected multiplier at U_butterfly/core/MR1/mq_s20 of size 16x18, it is decomposed from a wide multipler into 4 DSP blocks.
Related violations: <none>

SYNTH-10#5 Warning
Wide multiplier  
Detected multiplier at U_butterfly/core/MR1/mq_s20__0 of size 18x18, it is decomposed from a wide multipler into 4 DSP blocks.
Related violations: <none>

SYNTH-10#6 Warning
Wide multiplier  
Detected multiplier at U_butterfly/core/MR1/mq_s2_reg of size 16x16, it is decomposed from a wide multipler into 4 DSP blocks.
Related violations: <none>

SYNTH-10#7 Warning
Wide multiplier  
Detected multiplier at U_butterfly/core/MR1/mq_s2_reg__0 of size 18x16, it is decomposed from a wide multipler into 4 DSP blocks.
Related violations: <none>

SYNTH-10#8 Warning
Wide multiplier  
Detected multiplier at U_butterfly/core/mul_s20 of size 16x18, it is decomposed from a wide multipler into 4 DSP blocks.
Related violations: <none>

SYNTH-10#9 Warning
Wide multiplier  
Detected multiplier at U_butterfly/core/mul_s20__0 of size 18x18, it is decomposed from a wide multipler into 4 DSP blocks.
Related violations: <none>

SYNTH-10#10 Warning
Wide multiplier  
Detected multiplier at U_butterfly/core/mul_s2_reg of size 16x16, it is decomposed from a wide multipler into 4 DSP blocks.
Related violations: <none>

SYNTH-10#11 Warning
Wide multiplier  
Detected multiplier at U_butterfly/core/mul_s2_reg__0 of size 18x16, it is decomposed from a wide multipler into 4 DSP blocks.
Related violations: <none>

XDCH-2#1 Warning
Same min and max delay values on IO port  
The same input delay of 0.000 ns has been defined on port 'j16_sel' relative to clock usb_clk for both max and min. Make sure this reflects the design intent.
set_input_delay -clock usb_clk -add_delay 0.000 [get_ports j16_sel]
/home/sangwoo/Downloads/unified_butterfly2/unified_butterfly2.srcs/constrs_1/new/cw305_unified_butterfly2_top_v4.xdc (Line: 118)
Related violations: <none>

XDCH-2#2 Warning
Same min and max delay values on IO port  
The same input delay of 0.000 ns has been defined on port 'k15_sel' relative to clock usb_clk for both max and min. Make sure this reflects the design intent.
set_input_delay -clock usb_clk -add_delay 0.000 [get_ports k15_sel]
/home/sangwoo/Downloads/unified_butterfly2/unified_butterfly2.srcs/constrs_1/new/cw305_unified_butterfly2_top_v4.xdc (Line: 120)
Related violations: <none>

XDCH-2#3 Warning
Same min and max delay values on IO port  
The same input delay of 0.000 ns has been defined on port 'k16_sel' relative to clock usb_clk for both max and min. Make sure this reflects the design intent.
set_input_delay -clock usb_clk -add_delay 0.000 [get_ports k16_sel]
/home/sangwoo/Downloads/unified_butterfly2/unified_butterfly2.srcs/constrs_1/new/cw305_unified_butterfly2_top_v4.xdc (Line: 119)
Related violations: <none>

XDCH-2#4 Warning
Same min and max delay values on IO port  
The same input delay of 0.000 ns has been defined on port 'l14_sel' relative to clock usb_clk for both max and min. Make sure this reflects the design intent.
set_input_delay -clock usb_clk -add_delay 0.000 [get_ports l14_sel]
/home/sangwoo/Downloads/unified_butterfly2/unified_butterfly2.srcs/constrs_1/new/cw305_unified_butterfly2_top_v4.xdc (Line: 121)
Related violations: <none>

XDCH-2#5 Warning
Same min and max delay values on IO port  
The same input delay of 0.500 ns has been defined on port 'pushbutton' relative to clock usb_clk for both max and min. Make sure this reflects the design intent.
set_input_delay -clock usb_clk -add_delay 0.500 [get_ports pushbutton]
/home/sangwoo/Downloads/unified_butterfly2/unified_butterfly2.srcs/constrs_1/new/cw305_unified_butterfly2_top_v4.xdc (Line: 122)
Related violations: <none>

XDCH-2#6 Warning
Same min and max delay values on IO port  
The same input delay of 2.000 ns has been defined on port 'usb_addr[0]' relative to clock usb_clk for both max and min. Make sure this reflects the design intent.
set_input_delay -clock usb_clk -add_delay 2.000 [get_ports usb_addr]
/home/sangwoo/Downloads/unified_butterfly2/unified_butterfly2.srcs/constrs_1/new/cw305_unified_butterfly2_top_v4.xdc (Line: 111)
Related violations: <none>

XDCH-2#7 Warning
Same min and max delay values on IO port  
The same input delay of 2.000 ns has been defined on port 'usb_addr[10]' relative to clock usb_clk for both max and min. Make sure this reflects the design intent.
set_input_delay -clock usb_clk -add_delay 2.000 [get_ports usb_addr]
/home/sangwoo/Downloads/unified_butterfly2/unified_butterfly2.srcs/constrs_1/new/cw305_unified_butterfly2_top_v4.xdc (Line: 111)
Related violations: <none>

XDCH-2#8 Warning
Same min and max delay values on IO port  
The same input delay of 2.000 ns has been defined on port 'usb_addr[11]' relative to clock usb_clk for both max and min. Make sure this reflects the design intent.
set_input_delay -clock usb_clk -add_delay 2.000 [get_ports usb_addr]
/home/sangwoo/Downloads/unified_butterfly2/unified_butterfly2.srcs/constrs_1/new/cw305_unified_butterfly2_top_v4.xdc (Line: 111)
Related violations: <none>

XDCH-2#9 Warning
Same min and max delay values on IO port  
The same input delay of 2.000 ns has been defined on port 'usb_addr[12]' relative to clock usb_clk for both max and min. Make sure this reflects the design intent.
set_input_delay -clock usb_clk -add_delay 2.000 [get_ports usb_addr]
/home/sangwoo/Downloads/unified_butterfly2/unified_butterfly2.srcs/constrs_1/new/cw305_unified_butterfly2_top_v4.xdc (Line: 111)
Related violations: <none>

XDCH-2#10 Warning
Same min and max delay values on IO port  
The same input delay of 2.000 ns has been defined on port 'usb_addr[13]' relative to clock usb_clk for both max and min. Make sure this reflects the design intent.
set_input_delay -clock usb_clk -add_delay 2.000 [get_ports usb_addr]
/home/sangwoo/Downloads/unified_butterfly2/unified_butterfly2.srcs/constrs_1/new/cw305_unified_butterfly2_top_v4.xdc (Line: 111)
Related violations: <none>

XDCH-2#11 Warning
Same min and max delay values on IO port  
The same input delay of 2.000 ns has been defined on port 'usb_addr[14]' relative to clock usb_clk for both max and min. Make sure this reflects the design intent.
set_input_delay -clock usb_clk -add_delay 2.000 [get_ports usb_addr]
/home/sangwoo/Downloads/unified_butterfly2/unified_butterfly2.srcs/constrs_1/new/cw305_unified_butterfly2_top_v4.xdc (Line: 111)
Related violations: <none>

XDCH-2#12 Warning
Same min and max delay values on IO port  
The same input delay of 2.000 ns has been defined on port 'usb_addr[15]' relative to clock usb_clk for both max and min. Make sure this reflects the design intent.
set_input_delay -clock usb_clk -add_delay 2.000 [get_ports usb_addr]
/home/sangwoo/Downloads/unified_butterfly2/unified_butterfly2.srcs/constrs_1/new/cw305_unified_butterfly2_top_v4.xdc (Line: 111)
Related violations: <none>

XDCH-2#13 Warning
Same min and max delay values on IO port  
The same input delay of 2.000 ns has been defined on port 'usb_addr[16]' relative to clock usb_clk for both max and min. Make sure this reflects the design intent.
set_input_delay -clock usb_clk -add_delay 2.000 [get_ports usb_addr]
/home/sangwoo/Downloads/unified_butterfly2/unified_butterfly2.srcs/constrs_1/new/cw305_unified_butterfly2_top_v4.xdc (Line: 111)
Related violations: <none>

XDCH-2#14 Warning
Same min and max delay values on IO port  
The same input delay of 2.000 ns has been defined on port 'usb_addr[17]' relative to clock usb_clk for both max and min. Make sure this reflects the design intent.
set_input_delay -clock usb_clk -add_delay 2.000 [get_ports usb_addr]
/home/sangwoo/Downloads/unified_butterfly2/unified_butterfly2.srcs/constrs_1/new/cw305_unified_butterfly2_top_v4.xdc (Line: 111)
Related violations: <none>

XDCH-2#15 Warning
Same min and max delay values on IO port  
The same input delay of 2.000 ns has been defined on port 'usb_addr[18]' relative to clock usb_clk for both max and min. Make sure this reflects the design intent.
set_input_delay -clock usb_clk -add_delay 2.000 [get_ports usb_addr]
/home/sangwoo/Downloads/unified_butterfly2/unified_butterfly2.srcs/constrs_1/new/cw305_unified_butterfly2_top_v4.xdc (Line: 111)
Related violations: <none>

XDCH-2#16 Warning
Same min and max delay values on IO port  
The same input delay of 2.000 ns has been defined on port 'usb_addr[19]' relative to clock usb_clk for both max and min. Make sure this reflects the design intent.
set_input_delay -clock usb_clk -add_delay 2.000 [get_ports usb_addr]
/home/sangwoo/Downloads/unified_butterfly2/unified_butterfly2.srcs/constrs_1/new/cw305_unified_butterfly2_top_v4.xdc (Line: 111)
Related violations: <none>

XDCH-2#17 Warning
Same min and max delay values on IO port  
The same input delay of 2.000 ns has been defined on port 'usb_addr[1]' relative to clock usb_clk for both max and min. Make sure this reflects the design intent.
set_input_delay -clock usb_clk -add_delay 2.000 [get_ports usb_addr]
/home/sangwoo/Downloads/unified_butterfly2/unified_butterfly2.srcs/constrs_1/new/cw305_unified_butterfly2_top_v4.xdc (Line: 111)
Related violations: <none>

XDCH-2#18 Warning
Same min and max delay values on IO port  
The same input delay of 2.000 ns has been defined on port 'usb_addr[20]' relative to clock usb_clk for both max and min. Make sure this reflects the design intent.
set_input_delay -clock usb_clk -add_delay 2.000 [get_ports usb_addr]
/home/sangwoo/Downloads/unified_butterfly2/unified_butterfly2.srcs/constrs_1/new/cw305_unified_butterfly2_top_v4.xdc (Line: 111)
Related violations: <none>

XDCH-2#19 Warning
Same min and max delay values on IO port  
The same input delay of 2.000 ns has been defined on port 'usb_addr[2]' relative to clock usb_clk for both max and min. Make sure this reflects the design intent.
set_input_delay -clock usb_clk -add_delay 2.000 [get_ports usb_addr]
/home/sangwoo/Downloads/unified_butterfly2/unified_butterfly2.srcs/constrs_1/new/cw305_unified_butterfly2_top_v4.xdc (Line: 111)
Related violations: <none>

XDCH-2#20 Warning
Same min and max delay values on IO port  
The same input delay of 2.000 ns has been defined on port 'usb_addr[3]' relative to clock usb_clk for both max and min. Make sure this reflects the design intent.
set_input_delay -clock usb_clk -add_delay 2.000 [get_ports usb_addr]
/home/sangwoo/Downloads/unified_butterfly2/unified_butterfly2.srcs/constrs_1/new/cw305_unified_butterfly2_top_v4.xdc (Line: 111)
Related violations: <none>

XDCH-2#21 Warning
Same min and max delay values on IO port  
The same input delay of 2.000 ns has been defined on port 'usb_addr[4]' relative to clock usb_clk for both max and min. Make sure this reflects the design intent.
set_input_delay -clock usb_clk -add_delay 2.000 [get_ports usb_addr]
/home/sangwoo/Downloads/unified_butterfly2/unified_butterfly2.srcs/constrs_1/new/cw305_unified_butterfly2_top_v4.xdc (Line: 111)
Related violations: <none>

XDCH-2#22 Warning
Same min and max delay values on IO port  
The same input delay of 2.000 ns has been defined on port 'usb_addr[5]' relative to clock usb_clk for both max and min. Make sure this reflects the design intent.
set_input_delay -clock usb_clk -add_delay 2.000 [get_ports usb_addr]
/home/sangwoo/Downloads/unified_butterfly2/unified_butterfly2.srcs/constrs_1/new/cw305_unified_butterfly2_top_v4.xdc (Line: 111)
Related violations: <none>

XDCH-2#23 Warning
Same min and max delay values on IO port  
The same input delay of 2.000 ns has been defined on port 'usb_addr[6]' relative to clock usb_clk for both max and min. Make sure this reflects the design intent.
set_input_delay -clock usb_clk -add_delay 2.000 [get_ports usb_addr]
/home/sangwoo/Downloads/unified_butterfly2/unified_butterfly2.srcs/constrs_1/new/cw305_unified_butterfly2_top_v4.xdc (Line: 111)
Related violations: <none>

XDCH-2#24 Warning
Same min and max delay values on IO port  
The same input delay of 2.000 ns has been defined on port 'usb_addr[7]' relative to clock usb_clk for both max and min. Make sure this reflects the design intent.
set_input_delay -clock usb_clk -add_delay 2.000 [get_ports usb_addr]
/home/sangwoo/Downloads/unified_butterfly2/unified_butterfly2.srcs/constrs_1/new/cw305_unified_butterfly2_top_v4.xdc (Line: 111)
Related violations: <none>

XDCH-2#25 Warning
Same min and max delay values on IO port  
The same input delay of 2.000 ns has been defined on port 'usb_addr[8]' relative to clock usb_clk for both max and min. Make sure this reflects the design intent.
set_input_delay -clock usb_clk -add_delay 2.000 [get_ports usb_addr]
/home/sangwoo/Downloads/unified_butterfly2/unified_butterfly2.srcs/constrs_1/new/cw305_unified_butterfly2_top_v4.xdc (Line: 111)
Related violations: <none>

XDCH-2#26 Warning
Same min and max delay values on IO port  
The same input delay of 2.000 ns has been defined on port 'usb_addr[9]' relative to clock usb_clk for both max and min. Make sure this reflects the design intent.
set_input_delay -clock usb_clk -add_delay 2.000 [get_ports usb_addr]
/home/sangwoo/Downloads/unified_butterfly2/unified_butterfly2.srcs/constrs_1/new/cw305_unified_butterfly2_top_v4.xdc (Line: 111)
Related violations: <none>

XDCH-2#27 Warning
Same min and max delay values on IO port  
The same input delay of 2.000 ns has been defined on port 'usb_cen' relative to clock usb_clk for both max and min. Make sure this reflects the design intent.
set_input_delay -clock usb_clk -add_delay 2.000 [get_ports usb_cen]
/home/sangwoo/Downloads/unified_butterfly2/unified_butterfly2.srcs/constrs_1/new/cw305_unified_butterfly2_top_v4.xdc (Line: 114)
Related violations: <none>

XDCH-2#28 Warning
Same min and max delay values on IO port  
The same input delay of 2.000 ns has been defined on port 'usb_data[0]' relative to clock usb_clk for both max and min. Make sure this reflects the design intent.
set_input_delay -clock usb_clk -add_delay 2.000 [get_ports usb_data]
/home/sangwoo/Downloads/unified_butterfly2/unified_butterfly2.srcs/constrs_1/new/cw305_unified_butterfly2_top_v4.xdc (Line: 112)
Related violations: <none>

XDCH-2#29 Warning
Same min and max delay values on IO port  
The same input delay of 2.000 ns has been defined on port 'usb_data[1]' relative to clock usb_clk for both max and min. Make sure this reflects the design intent.
set_input_delay -clock usb_clk -add_delay 2.000 [get_ports usb_data]
/home/sangwoo/Downloads/unified_butterfly2/unified_butterfly2.srcs/constrs_1/new/cw305_unified_butterfly2_top_v4.xdc (Line: 112)
Related violations: <none>

XDCH-2#30 Warning
Same min and max delay values on IO port  
The same input delay of 2.000 ns has been defined on port 'usb_data[2]' relative to clock usb_clk for both max and min. Make sure this reflects the design intent.
set_input_delay -clock usb_clk -add_delay 2.000 [get_ports usb_data]
/home/sangwoo/Downloads/unified_butterfly2/unified_butterfly2.srcs/constrs_1/new/cw305_unified_butterfly2_top_v4.xdc (Line: 112)
Related violations: <none>

XDCH-2#31 Warning
Same min and max delay values on IO port  
The same input delay of 2.000 ns has been defined on port 'usb_data[3]' relative to clock usb_clk for both max and min. Make sure this reflects the design intent.
set_input_delay -clock usb_clk -add_delay 2.000 [get_ports usb_data]
/home/sangwoo/Downloads/unified_butterfly2/unified_butterfly2.srcs/constrs_1/new/cw305_unified_butterfly2_top_v4.xdc (Line: 112)
Related violations: <none>

XDCH-2#32 Warning
Same min and max delay values on IO port  
The same input delay of 2.000 ns has been defined on port 'usb_data[4]' relative to clock usb_clk for both max and min. Make sure this reflects the design intent.
set_input_delay -clock usb_clk -add_delay 2.000 [get_ports usb_data]
/home/sangwoo/Downloads/unified_butterfly2/unified_butterfly2.srcs/constrs_1/new/cw305_unified_butterfly2_top_v4.xdc (Line: 112)
Related violations: <none>

XDCH-2#33 Warning
Same min and max delay values on IO port  
The same input delay of 2.000 ns has been defined on port 'usb_data[5]' relative to clock usb_clk for both max and min. Make sure this reflects the design intent.
set_input_delay -clock usb_clk -add_delay 2.000 [get_ports usb_data]
/home/sangwoo/Downloads/unified_butterfly2/unified_butterfly2.srcs/constrs_1/new/cw305_unified_butterfly2_top_v4.xdc (Line: 112)
Related violations: <none>

XDCH-2#34 Warning
Same min and max delay values on IO port  
The same input delay of 2.000 ns has been defined on port 'usb_data[6]' relative to clock usb_clk for both max and min. Make sure this reflects the design intent.
set_input_delay -clock usb_clk -add_delay 2.000 [get_ports usb_data]
/home/sangwoo/Downloads/unified_butterfly2/unified_butterfly2.srcs/constrs_1/new/cw305_unified_butterfly2_top_v4.xdc (Line: 112)
Related violations: <none>

XDCH-2#35 Warning
Same min and max delay values on IO port  
The same input delay of 2.000 ns has been defined on port 'usb_data[7]' relative to clock usb_clk for both max and min. Make sure this reflects the design intent.
set_input_delay -clock usb_clk -add_delay 2.000 [get_ports usb_data]
/home/sangwoo/Downloads/unified_butterfly2/unified_butterfly2.srcs/constrs_1/new/cw305_unified_butterfly2_top_v4.xdc (Line: 112)
Related violations: <none>

XDCH-2#36 Warning
Same min and max delay values on IO port  
The same input delay of 2.000 ns has been defined on port 'usb_rdn' relative to clock usb_clk for both max and min. Make sure this reflects the design intent.
set_input_delay -clock usb_clk -add_delay 2.000 [get_ports usb_rdn]
/home/sangwoo/Downloads/unified_butterfly2/unified_butterfly2.srcs/constrs_1/new/cw305_unified_butterfly2_top_v4.xdc (Line: 115)
Related violations: <none>

XDCH-2#37 Warning
Same min and max delay values on IO port  
The same input delay of 2.000 ns has been defined on port 'usb_trigger' relative to clock usb_clk for both max and min. Make sure this reflects the design intent.
set_input_delay -clock usb_clk -add_delay 2.000 [get_ports usb_trigger]
/home/sangwoo/Downloads/unified_butterfly2/unified_butterfly2.srcs/constrs_1/new/cw305_unified_butterfly2_top_v4.xdc (Line: 113)
Related violations: <none>

XDCH-2#38 Warning
Same min and max delay values on IO port  
The same input delay of 2.000 ns has been defined on port 'usb_wrn' relative to clock usb_clk for both max and min. Make sure this reflects the design intent.
set_input_delay -clock usb_clk -add_delay 2.000 [get_ports usb_wrn]
/home/sangwoo/Downloads/unified_butterfly2/unified_butterfly2.srcs/constrs_1/new/cw305_unified_butterfly2_top_v4.xdc (Line: 116)
Related violations: <none>

XDCH-2#39 Warning
Same min and max delay values on IO port  
The same output delay of 0.000 ns has been defined on port 'led1' relative to clock usb_clk for both max and min. Make sure this reflects the design intent.
set_output_delay -clock usb_clk 0.000 [get_ports led1]
/home/sangwoo/Downloads/unified_butterfly2/unified_butterfly2.srcs/constrs_1/new/cw305_unified_butterfly2_top_v4.xdc (Line: 124)
Related violations: <none>

XDCH-2#40 Warning
Same min and max delay values on IO port  
The same output delay of 0.000 ns has been defined on port 'led2' relative to clock usb_clk for both max and min. Make sure this reflects the design intent.
set_output_delay -clock usb_clk 0.000 [get_ports led2]
/home/sangwoo/Downloads/unified_butterfly2/unified_butterfly2.srcs/constrs_1/new/cw305_unified_butterfly2_top_v4.xdc (Line: 125)
Related violations: <none>

XDCH-2#41 Warning
Same min and max delay values on IO port  
The same output delay of 0.000 ns has been defined on port 'led3' relative to clock usb_clk for both max and min. Make sure this reflects the design intent.
set_output_delay -clock usb_clk 0.000 [get_ports led3]
/home/sangwoo/Downloads/unified_butterfly2/unified_butterfly2.srcs/constrs_1/new/cw305_unified_butterfly2_top_v4.xdc (Line: 126)
Related violations: <none>

XDCH-2#42 Warning
Same min and max delay values on IO port  
The same output delay of 0.000 ns has been defined on port 'tio_clkout' relative to clock usb_clk for both max and min. Make sure this reflects the design intent.
set_output_delay -clock usb_clk 0.000 [get_ports tio_clkout]
/home/sangwoo/Downloads/unified_butterfly2/unified_butterfly2.srcs/constrs_1/new/cw305_unified_butterfly2_top_v4.xdc (Line: 129)
Related violations: <none>

XDCH-2#43 Warning
Same min and max delay values on IO port  
The same output delay of 0.000 ns has been defined on port 'tio_trigger' relative to clock usb_clk for both max and min. Make sure this reflects the design intent.
set_output_delay -clock usb_clk 0.000 [get_ports tio_trigger]
/home/sangwoo/Downloads/unified_butterfly2/unified_butterfly2.srcs/constrs_1/new/cw305_unified_butterfly2_top_v4.xdc (Line: 128)
Related violations: <none>

XDCH-2#44 Warning
Same min and max delay values on IO port  
The same output delay of 0.000 ns has been defined on port 'usb_data[0]' relative to clock usb_clk for both max and min. Make sure this reflects the design intent.
set_output_delay -clock usb_clk 0.000 [get_ports usb_data]
/home/sangwoo/Downloads/unified_butterfly2/unified_butterfly2.srcs/constrs_1/new/cw305_unified_butterfly2_top_v4.xdc (Line: 127)
Related violations: <none>

XDCH-2#45 Warning
Same min and max delay values on IO port  
The same output delay of 0.000 ns has been defined on port 'usb_data[1]' relative to clock usb_clk for both max and min. Make sure this reflects the design intent.
set_output_delay -clock usb_clk 0.000 [get_ports usb_data]
/home/sangwoo/Downloads/unified_butterfly2/unified_butterfly2.srcs/constrs_1/new/cw305_unified_butterfly2_top_v4.xdc (Line: 127)
Related violations: <none>

XDCH-2#46 Warning
Same min and max delay values on IO port  
The same output delay of 0.000 ns has been defined on port 'usb_data[2]' relative to clock usb_clk for both max and min. Make sure this reflects the design intent.
set_output_delay -clock usb_clk 0.000 [get_ports usb_data]
/home/sangwoo/Downloads/unified_butterfly2/unified_butterfly2.srcs/constrs_1/new/cw305_unified_butterfly2_top_v4.xdc (Line: 127)
Related violations: <none>

XDCH-2#47 Warning
Same min and max delay values on IO port  
The same output delay of 0.000 ns has been defined on port 'usb_data[3]' relative to clock usb_clk for both max and min. Make sure this reflects the design intent.
set_output_delay -clock usb_clk 0.000 [get_ports usb_data]
/home/sangwoo/Downloads/unified_butterfly2/unified_butterfly2.srcs/constrs_1/new/cw305_unified_butterfly2_top_v4.xdc (Line: 127)
Related violations: <none>

XDCH-2#48 Warning
Same min and max delay values on IO port  
The same output delay of 0.000 ns has been defined on port 'usb_data[4]' relative to clock usb_clk for both max and min. Make sure this reflects the design intent.
set_output_delay -clock usb_clk 0.000 [get_ports usb_data]
/home/sangwoo/Downloads/unified_butterfly2/unified_butterfly2.srcs/constrs_1/new/cw305_unified_butterfly2_top_v4.xdc (Line: 127)
Related violations: <none>

XDCH-2#49 Warning
Same min and max delay values on IO port  
The same output delay of 0.000 ns has been defined on port 'usb_data[5]' relative to clock usb_clk for both max and min. Make sure this reflects the design intent.
set_output_delay -clock usb_clk 0.000 [get_ports usb_data]
/home/sangwoo/Downloads/unified_butterfly2/unified_butterfly2.srcs/constrs_1/new/cw305_unified_butterfly2_top_v4.xdc (Line: 127)
Related violations: <none>

XDCH-2#50 Warning
Same min and max delay values on IO port  
The same output delay of 0.000 ns has been defined on port 'usb_data[6]' relative to clock usb_clk for both max and min. Make sure this reflects the design intent.
set_output_delay -clock usb_clk 0.000 [get_ports usb_data]
/home/sangwoo/Downloads/unified_butterfly2/unified_butterfly2.srcs/constrs_1/new/cw305_unified_butterfly2_top_v4.xdc (Line: 127)
Related violations: <none>

XDCH-2#51 Warning
Same min and max delay values on IO port  
The same output delay of 0.000 ns has been defined on port 'usb_data[7]' relative to clock usb_clk for both max and min. Make sure this reflects the design intent.
set_output_delay -clock usb_clk 0.000 [get_ports usb_data]
/home/sangwoo/Downloads/unified_butterfly2/unified_butterfly2.srcs/constrs_1/new/cw305_unified_butterfly2_top_v4.xdc (Line: 127)
Related violations: <none>


