
*** Running vivado
    with args -log cw305_unified_butterfly2_top_v4.vdi -applog -m64 -product Vivado -messageDb vivado.pb -mode batch -source cw305_unified_butterfly2_top_v4.tcl -notrace


****** Vivado v2024.2 (64-bit)
  **** SW Build 5239630 on Fri Nov 08 22:34:34 MST 2024
  **** IP Build 5239520 on Sun Nov 10 16:12:51 MST 2024
  **** SharedData Build 5239561 on Fri Nov 08 14:39:27 MST 2024
  **** Start of session at: Sat May  9 15:42:33 2026
    ** Copyright 1986-2022 Xilinx, Inc. All Rights Reserved.
    ** Copyright 2022-2024 Advanced Micro Devices, Inc. All Rights Reserved.

source cw305_unified_butterfly2_top_v4.tcl -notrace
Command: link_design -top cw305_unified_butterfly2_top_v4 -part xc7a100tftg256-1
Design is defaulting to srcset: sources_1
Design is defaulting to constrset: constrs_1
INFO: [Device 21-403] Loading part xc7a100tftg256-1
INFO: [Project 1-454] Reading design checkpoint '/home/sangwoo/Downloads/unified_butterfly2/unified_butterfly2.gen/sources_1/ip/blk_mem_gen_0/blk_mem_gen_0.dcp' for cell 'U_butterfly/ZETA_ROM'
Netlist sorting complete. Time (s): cpu = 00:00:00 ; elapsed = 00:00:00.01 . Memory (MB): peak = 1533.199 ; gain = 0.000 ; free physical = 8834 ; free virtual = 34666
INFO: [Netlist 29-17] Analyzing 129 Unisim elements for replacement
INFO: [Netlist 29-28] Unisim Transformation completed in 0 CPU seconds
INFO: [Project 1-479] Netlist was created with Vivado 2024.2
INFO: [Project 1-570] Preparing netlist for logic optimization
Parsing XDC File [/home/sangwoo/Downloads/unified_butterfly2/unified_butterfly2.srcs/constrs_1/new/cw305_unified_butterfly2_top_v4.xdc]
Finished Parsing XDC File [/home/sangwoo/Downloads/unified_butterfly2/unified_butterfly2.srcs/constrs_1/new/cw305_unified_butterfly2_top_v4.xdc]
INFO: [Opt 31-138] Pushed 0 inverter(s) to 0 load pin(s).
Netlist sorting complete. Time (s): cpu = 00:00:00 ; elapsed = 00:00:00 . Memory (MB): peak = 1747.820 ; gain = 0.000 ; free physical = 8728 ; free virtual = 34559
INFO: [Project 1-111] Unisim Transformation Summary:
  A total of 8 instances were transformed.
  IOBUF => IOBUF (IBUF, OBUFT): 8 instances

8 Infos, 0 Warnings, 0 Critical Warnings and 0 Errors encountered.
link_design completed successfully
Command: opt_design
Attempting to get a license for feature 'Implementation' and/or device 'xc7a100t'
INFO: [Common 17-349] Got license for feature 'Implementation' and/or device 'xc7a100t'
Running DRC as a precondition to command opt_design

Starting DRC Task
INFO: [DRC 23-27] Running DRC with 8 threads
INFO: [Project 1-461] DRC finished with 0 Errors
INFO: [Project 1-462] Please refer to the DRC report (report_drc) for more information.

Time (s): cpu = 00:00:00.81 ; elapsed = 00:00:00.27 . Memory (MB): peak = 1862.648 ; gain = 114.828 ; free physical = 8666 ; free virtual = 34497

Starting Cache Timing Information Task
INFO: [Timing 38-35] Done setting XDC timing constraints.
Ending Cache Timing Information Task | Checksum: 2a536100d

Time (s): cpu = 00:00:03 ; elapsed = 00:00:03 . Memory (MB): peak = 2269.602 ; gain = 406.953 ; free physical = 8295 ; free virtual = 34126

Starting Logic Optimization Task

Phase 1 Initialization

Phase 1.1 Core Generation And Design Setup
Phase 1.1 Core Generation And Design Setup | Checksum: 2a536100d

Time (s): cpu = 00:00:00.01 ; elapsed = 00:00:00 . Memory (MB): peak = 2616.492 ; gain = 0.000 ; free physical = 7958 ; free virtual = 33789

Phase 1.2 Setup Constraints And Sort Netlist
Phase 1.2 Setup Constraints And Sort Netlist | Checksum: 2a536100d

Time (s): cpu = 00:00:00.01 ; elapsed = 00:00:00 . Memory (MB): peak = 2616.492 ; gain = 0.000 ; free physical = 7958 ; free virtual = 33789
Phase 1 Initialization | Checksum: 2a536100d

Time (s): cpu = 00:00:00.01 ; elapsed = 00:00:00 . Memory (MB): peak = 2616.492 ; gain = 0.000 ; free physical = 7958 ; free virtual = 33789

Phase 2 Timer Update And Timing Data Collection

Phase 2.1 Timer Update
Phase 2.1 Timer Update | Checksum: 2a536100d

Time (s): cpu = 00:00:00.04 ; elapsed = 00:00:00.01 . Memory (MB): peak = 2616.492 ; gain = 0.000 ; free physical = 7958 ; free virtual = 33789

Phase 2.2 Timing Data Collection
Phase 2.2 Timing Data Collection | Checksum: 2a536100d

Time (s): cpu = 00:00:00.04 ; elapsed = 00:00:00.01 . Memory (MB): peak = 2616.492 ; gain = 0.000 ; free physical = 7958 ; free virtual = 33789
Phase 2 Timer Update And Timing Data Collection | Checksum: 2a536100d

Time (s): cpu = 00:00:00.04 ; elapsed = 00:00:00.01 . Memory (MB): peak = 2616.492 ; gain = 0.000 ; free physical = 7958 ; free virtual = 33789

Phase 3 Retarget
INFO: [Opt 31-1851] Number of loadless carry chains removed were: 0
INFO: [Opt 31-1834] Total Chains To Be Transformed Were: 0 AND Number of Transformed insts Created are: 0
INFO: [Opt 31-138] Pushed 0 inverter(s) to 0 load pin(s).
INFO: [Opt 31-49] Retargeted 0 cell(s).
Phase 3 Retarget | Checksum: 2a536100d

Time (s): cpu = 00:00:00.05 ; elapsed = 00:00:00.02 . Memory (MB): peak = 2616.492 ; gain = 0.000 ; free physical = 7958 ; free virtual = 33789
Retarget | Checksum: 2a536100d
INFO: [Opt 31-389] Phase Retarget created 0 cells and removed 0 cells

Phase 4 Constant propagation
INFO: [Opt 31-138] Pushed 0 inverter(s) to 0 load pin(s).
Phase 4 Constant propagation | Checksum: 1e77b7957

Time (s): cpu = 00:00:00.06 ; elapsed = 00:00:00.03 . Memory (MB): peak = 2616.492 ; gain = 0.000 ; free physical = 7958 ; free virtual = 33789
Constant propagation | Checksum: 1e77b7957
INFO: [Opt 31-389] Phase Constant propagation created 0 cells and removed 0 cells

Phase 5 Sweep
INFO: [Constraints 18-11670] Building netlist checker database with flags, 0x8
Done building netlist checker database: Time (s): cpu = 00:00:00 ; elapsed = 00:00:00 . Memory (MB): peak = 2616.492 ; gain = 0.000 ; free physical = 7958 ; free virtual = 33789
INFO: [Constraints 18-11670] Building netlist checker database with flags, 0x8
Done building netlist checker database: Time (s): cpu = 00:00:00 ; elapsed = 00:00:00 . Memory (MB): peak = 2616.492 ; gain = 0.000 ; free physical = 7958 ; free virtual = 33789
Phase 5 Sweep | Checksum: 245bd5bb9

Time (s): cpu = 00:00:00.07 ; elapsed = 00:00:00.04 . Memory (MB): peak = 2616.492 ; gain = 0.000 ; free physical = 7958 ; free virtual = 33789
Sweep | Checksum: 245bd5bb9
INFO: [Opt 31-389] Phase Sweep created 0 cells and removed 0 cells

Phase 6 BUFG optimization
Phase 6 BUFG optimization | Checksum: 245bd5bb9

Time (s): cpu = 00:00:00.1 ; elapsed = 00:00:00.05 . Memory (MB): peak = 2648.508 ; gain = 32.016 ; free physical = 7958 ; free virtual = 33789
BUFG optimization | Checksum: 245bd5bb9
INFO: [Opt 31-662] Phase BUFG optimization created 0 cells of which 0 are BUFGs and removed 0 cells.

Phase 7 Shift Register Optimization
INFO: [Opt 31-1064] SRL Remap converted 0 SRLs to 0 registers and converted 0 registers of register chains to 0 SRLs
Phase 7 Shift Register Optimization | Checksum: 245bd5bb9

Time (s): cpu = 00:00:00.1 ; elapsed = 00:00:00.05 . Memory (MB): peak = 2648.508 ; gain = 32.016 ; free physical = 7958 ; free virtual = 33789
Shift Register Optimization | Checksum: 245bd5bb9
INFO: [Opt 31-389] Phase Shift Register Optimization created 0 cells and removed 0 cells

Phase 8 Post Processing Netlist
Phase 8 Post Processing Netlist | Checksum: 245bd5bb9

Time (s): cpu = 00:00:00.1 ; elapsed = 00:00:00.05 . Memory (MB): peak = 2648.508 ; gain = 32.016 ; free physical = 7958 ; free virtual = 33789
Post Processing Netlist | Checksum: 245bd5bb9
INFO: [Opt 31-389] Phase Post Processing Netlist created 0 cells and removed 0 cells

Phase 9 Finalization

Phase 9.1 Finalizing Design Cores and Updating Shapes
Phase 9.1 Finalizing Design Cores and Updating Shapes | Checksum: 2609a7d33

Time (s): cpu = 00:00:00.15 ; elapsed = 00:00:00.07 . Memory (MB): peak = 2648.508 ; gain = 32.016 ; free physical = 7961 ; free virtual = 33792

Phase 9.2 Verifying Netlist Connectivity

Starting Connectivity Check Task

Time (s): cpu = 00:00:00 ; elapsed = 00:00:00 . Memory (MB): peak = 2648.508 ; gain = 0.000 ; free physical = 7961 ; free virtual = 33792
Phase 9.2 Verifying Netlist Connectivity | Checksum: 2609a7d33

Time (s): cpu = 00:00:00.15 ; elapsed = 00:00:00.07 . Memory (MB): peak = 2648.508 ; gain = 32.016 ; free physical = 7961 ; free virtual = 33792
Phase 9 Finalization | Checksum: 2609a7d33

Time (s): cpu = 00:00:00.15 ; elapsed = 00:00:00.07 . Memory (MB): peak = 2648.508 ; gain = 32.016 ; free physical = 7961 ; free virtual = 33792
Opt_design Change Summary
=========================


-------------------------------------------------------------------------------------------------------------------------
|  Phase                        |  #Cells created  |  #Cells Removed  |  #Constrained objects preventing optimizations  |
-------------------------------------------------------------------------------------------------------------------------
|  Retarget                     |               0  |               0  |                                              0  |
|  Constant propagation         |               0  |               0  |                                              0  |
|  Sweep                        |               0  |               0  |                                              0  |
|  BUFG optimization            |               0  |               0  |                                              0  |
|  Shift Register Optimization  |               0  |               0  |                                              0  |
|  Post Processing Netlist      |               0  |               0  |                                              0  |
-------------------------------------------------------------------------------------------------------------------------


Ending Logic Optimization Task | Checksum: 2609a7d33

Time (s): cpu = 00:00:00.15 ; elapsed = 00:00:00.07 . Memory (MB): peak = 2648.508 ; gain = 32.016 ; free physical = 7961 ; free virtual = 33792

Starting Power Optimization Task
INFO: [Pwropt 34-132] Skipping clock gating for clocks with a period < 2.00 ns.
INFO: [Pwropt 34-9] Applying IDT optimizations ...
INFO: [Pwropt 34-10] Applying ODC optimizations ...
INFO: [Timing 38-35] Done setting XDC timing constraints.
Running Vector-less Activity Propagation...

Finished Running Vector-less Activity Propagation


Starting PowerOpt Patch Enables Task
INFO: [Pwropt 34-162] WRITE_MODE attribute of 0 BRAM(s) out of a total of 1 has been updated to save power. Run report_power_opt to get a complete listing of the BRAMs updated.
INFO: [Pwropt 34-201] Structural ODC has moved 0 WE to EN ports
Number of BRAM Ports augmented: 0 newly gated: 1 Total Ports: 2
Number of Flops added for Enable Generation: 1

Ending PowerOpt Patch Enables Task | Checksum: 1e268ab4b

Time (s): cpu = 00:00:00.01 ; elapsed = 00:00:00 . Memory (MB): peak = 2895.445 ; gain = 0.000 ; free physical = 7860 ; free virtual = 33691
Ending Power Optimization Task | Checksum: 1e268ab4b

Time (s): cpu = 00:00:00.64 ; elapsed = 00:00:00.22 . Memory (MB): peak = 2895.445 ; gain = 246.938 ; free physical = 7859 ; free virtual = 33690

Starting Final Cleanup Task

Starting Logic Optimization Task
INFO: [Timing 38-35] Done setting XDC timing constraints.
Ending Logic Optimization Task | Checksum: 246d66c66

Time (s): cpu = 00:00:00.14 ; elapsed = 00:00:00.05 . Memory (MB): peak = 2895.445 ; gain = 0.000 ; free physical = 7851 ; free virtual = 33682
Ending Final Cleanup Task | Checksum: 246d66c66

Time (s): cpu = 00:00:01 ; elapsed = 00:00:01 . Memory (MB): peak = 2895.445 ; gain = 0.000 ; free physical = 7851 ; free virtual = 33682

Starting Netlist Obfuscation Task
Netlist sorting complete. Time (s): cpu = 00:00:00 ; elapsed = 00:00:00 . Memory (MB): peak = 2895.445 ; gain = 0.000 ; free physical = 7851 ; free virtual = 33682
Ending Netlist Obfuscation Task | Checksum: 246d66c66

Time (s): cpu = 00:00:00 ; elapsed = 00:00:00 . Memory (MB): peak = 2895.445 ; gain = 0.000 ; free physical = 7851 ; free virtual = 33682
INFO: [Common 17-83] Releasing license: Implementation
35 Infos, 0 Warnings, 0 Critical Warnings and 0 Errors encountered.
opt_design completed successfully
opt_design: Time (s): cpu = 00:00:06 ; elapsed = 00:00:05 . Memory (MB): peak = 2895.445 ; gain = 1147.625 ; free physical = 7851 ; free virtual = 33682
INFO: [Vivado 12-24828] Executing command : report_drc -file cw305_unified_butterfly2_top_v4_drc_opted.rpt -pb cw305_unified_butterfly2_top_v4_drc_opted.pb -rpx cw305_unified_butterfly2_top_v4_drc_opted.rpx
Command: report_drc -file cw305_unified_butterfly2_top_v4_drc_opted.rpt -pb cw305_unified_butterfly2_top_v4_drc_opted.pb -rpx cw305_unified_butterfly2_top_v4_drc_opted.rpx
INFO: [IP_Flow 19-1839] IP Catalog is up to date.
INFO: [DRC 23-27] Running DRC with 8 threads
INFO: [Vivado_Tcl 2-168] The results of DRC are in file /home/sangwoo/Downloads/unified_butterfly2/unified_butterfly2.runs/impl_1/cw305_unified_butterfly2_top_v4_drc_opted.rpt.
report_drc completed successfully
INFO: [Timing 38-480] Writing timing data to binary archive.
Wrote PlaceDB: Time (s): cpu = 00:00:00.01 ; elapsed = 00:00:00 . Memory (MB): peak = 2895.445 ; gain = 0.000 ; free physical = 7817 ; free virtual = 33648
Wrote PulsedLatchDB: Time (s): cpu = 00:00:00 ; elapsed = 00:00:00 . Memory (MB): peak = 2895.445 ; gain = 0.000 ; free physical = 7817 ; free virtual = 33648
Writing XDEF routing.
Write ShapeDB Complete: Time (s): cpu = 00:00:00.02 ; elapsed = 00:00:00 . Memory (MB): peak = 2895.445 ; gain = 0.000 ; free physical = 7817 ; free virtual = 33648
Writing XDEF routing logical nets.
Writing XDEF routing special nets.
Wrote RouteStorage: Time (s): cpu = 00:00:00.04 ; elapsed = 00:00:00.01 . Memory (MB): peak = 2895.445 ; gain = 0.000 ; free physical = 7816 ; free virtual = 33648
Wrote Netlist Cache: Time (s): cpu = 00:00:00 ; elapsed = 00:00:00 . Memory (MB): peak = 2895.445 ; gain = 0.000 ; free physical = 7816 ; free virtual = 33648
Wrote Device Cache: Time (s): cpu = 00:00:00.01 ; elapsed = 00:00:00 . Memory (MB): peak = 2895.445 ; gain = 0.000 ; free physical = 7816 ; free virtual = 33648
Write Physdb Complete: Time (s): cpu = 00:00:00.06 ; elapsed = 00:00:00.01 . Memory (MB): peak = 2895.445 ; gain = 0.000 ; free physical = 7816 ; free virtual = 33648
INFO: [Common 17-1381] The checkpoint '/home/sangwoo/Downloads/unified_butterfly2/unified_butterfly2.runs/impl_1/cw305_unified_butterfly2_top_v4_opt.dcp' has been generated.
Command: place_design
Attempting to get a license for feature 'Implementation' and/or device 'xc7a100t'
INFO: [Common 17-349] Got license for feature 'Implementation' and/or device 'xc7a100t'
INFO: [Common 17-83] Releasing license: Implementation
INFO: [DRC 23-27] Running DRC with 8 threads
INFO: [Vivado_Tcl 4-198] DRC finished with 0 Errors
INFO: [Vivado_Tcl 4-199] Please refer to the DRC report (report_drc) for more information.
Running DRC as a precondition to command place_design
INFO: [DRC 23-27] Running DRC with 8 threads
INFO: [Vivado_Tcl 4-198] DRC finished with 0 Errors
INFO: [Vivado_Tcl 4-199] Please refer to the DRC report (report_drc) for more information.
INFO: [Place 30-611] Multithreading enabled for place_design using a maximum of 8 CPUs

Starting Placer Task

Phase 1 Placer Initialization

Phase 1.1 Placer Initialization Netlist Sorting
Netlist sorting complete. Time (s): cpu = 00:00:00 ; elapsed = 00:00:00 . Memory (MB): peak = 2895.445 ; gain = 0.000 ; free physical = 7821 ; free virtual = 33652
Phase 1.1 Placer Initialization Netlist Sorting | Checksum: 1bd5fc8bb

Time (s): cpu = 00:00:00.01 ; elapsed = 00:00:00 . Memory (MB): peak = 2895.445 ; gain = 0.000 ; free physical = 7821 ; free virtual = 33652
Netlist sorting complete. Time (s): cpu = 00:00:00 ; elapsed = 00:00:00 . Memory (MB): peak = 2895.445 ; gain = 0.000 ; free physical = 7821 ; free virtual = 33652

Phase 1.2 IO Placement/ Clock Placement/ Build Placer Device
INFO: [Timing 38-35] Done setting XDC timing constraints.
Phase 1.2 IO Placement/ Clock Placement/ Build Placer Device | Checksum: 1b09760e3

Time (s): cpu = 00:00:00.43 ; elapsed = 00:00:00.12 . Memory (MB): peak = 2895.445 ; gain = 0.000 ; free physical = 7820 ; free virtual = 33652

Phase 1.3 Build Placer Netlist Model
Phase 1.3 Build Placer Netlist Model | Checksum: 20af1025b

Time (s): cpu = 00:00:00.89 ; elapsed = 00:00:00.26 . Memory (MB): peak = 2895.445 ; gain = 0.000 ; free physical = 7822 ; free virtual = 33654

Phase 1.4 Constrain Clocks/Macros
Phase 1.4 Constrain Clocks/Macros | Checksum: 20af1025b

Time (s): cpu = 00:00:00.89 ; elapsed = 00:00:00.26 . Memory (MB): peak = 2895.445 ; gain = 0.000 ; free physical = 7822 ; free virtual = 33654
Phase 1 Placer Initialization | Checksum: 20af1025b

Time (s): cpu = 00:00:00.9 ; elapsed = 00:00:00.26 . Memory (MB): peak = 2895.445 ; gain = 0.000 ; free physical = 7822 ; free virtual = 33654

Phase 2 Global Placement

Phase 2.1 Floorplanning
Phase 2.1 Floorplanning | Checksum: 2097fc47c

Time (s): cpu = 00:00:01 ; elapsed = 00:00:00.3 . Memory (MB): peak = 2895.445 ; gain = 0.000 ; free physical = 7819 ; free virtual = 33651

Phase 2.2 Update Timing before SLR Path Opt
Phase 2.2 Update Timing before SLR Path Opt | Checksum: 1db3a7f61

Time (s): cpu = 00:00:01 ; elapsed = 00:00:00.33 . Memory (MB): peak = 2895.445 ; gain = 0.000 ; free physical = 7844 ; free virtual = 33676

Phase 2.3 Post-Processing in Floorplanning
Phase 2.3 Post-Processing in Floorplanning | Checksum: 1db3a7f61

Time (s): cpu = 00:00:01 ; elapsed = 00:00:00.33 . Memory (MB): peak = 2895.445 ; gain = 0.000 ; free physical = 7844 ; free virtual = 33676

Phase 2.4 Global Place Phase1
Phase 2.4 Global Place Phase1 | Checksum: 181f079eb

Time (s): cpu = 00:00:03 ; elapsed = 00:00:00.92 . Memory (MB): peak = 2895.445 ; gain = 0.000 ; free physical = 7849 ; free virtual = 33680

Phase 2.5 Global Place Phase2

Phase 2.5.1 UpdateTiming Before Physical Synthesis
Phase 2.5.1 UpdateTiming Before Physical Synthesis | Checksum: 1ecfa028b

Time (s): cpu = 00:00:03 ; elapsed = 00:00:00.94 . Memory (MB): peak = 2895.445 ; gain = 0.000 ; free physical = 7855 ; free virtual = 33687

Phase 2.5.2 Physical Synthesis In Placer
INFO: [Physopt 32-1035] Found 0 LUTNM shape to break, 39 LUT instances to create LUTNM shape
INFO: [Physopt 32-1044] Break lutnm for timing: one critical 0, two critical 0, total 0, new lutff created 0
INFO: [Physopt 32-1138] End 1 Pass. Optimized 19 nets or LUTs. Breaked 0 LUT, combined 19 existing LUTs and moved 0 existing LUT
INFO: [Physopt 32-65] No nets found for high-fanout optimization.
INFO: [Physopt 32-232] Optimized 0 net. Created 0 new instance.
INFO: [Physopt 32-775] End 1 Pass. Optimized 0 net or cell. Created 0 new cell, deleted 0 existing cell and moved 0 existing cell
INFO: [Physopt 32-670] No setup violation found.  DSP Register Optimization was not performed.
INFO: [Physopt 32-670] No setup violation found.  Shift Register to Pipeline Optimization was not performed.
INFO: [Physopt 32-670] No setup violation found.  Shift Register Optimization was not performed.
INFO: [Physopt 32-670] No setup violation found.  BRAM Register Optimization was not performed.
INFO: [Physopt 32-670] No setup violation found.  URAM Register Optimization was not performed.
INFO: [Physopt 32-949] No candidate nets found for dynamic/static region interface net replication
INFO: [Physopt 32-775] End 1 Pass. Optimized 0 net or cell. Created 0 new cell, deleted 0 existing cell and moved 0 existing cell
Netlist sorting complete. Time (s): cpu = 00:00:00 ; elapsed = 00:00:00 . Memory (MB): peak = 2895.445 ; gain = 0.000 ; free physical = 7855 ; free virtual = 33686

Summary of Physical Synthesis Optimizations
============================================


-----------------------------------------------------------------------------------------------------------------------------------------------------------
|  Optimization                                     |  Added Cells  |  Removed Cells  |  Optimized Cells/Nets  |  Dont Touch  |  Iterations  |  Elapsed   |
-----------------------------------------------------------------------------------------------------------------------------------------------------------
|  LUT Combining                                    |            0  |             19  |                    19  |           0  |           1  |  00:00:00  |
|  Retime                                           |            0  |              0  |                     0  |           0  |           1  |  00:00:00  |
|  Very High Fanout                                 |            0  |              0  |                     0  |           0  |           1  |  00:00:00  |
|  DSP Register                                     |            0  |              0  |                     0  |           0  |           0  |  00:00:00  |
|  Shift Register to Pipeline                       |            0  |              0  |                     0  |           0  |           0  |  00:00:00  |
|  Shift Register                                   |            0  |              0  |                     0  |           0  |           0  |  00:00:00  |
|  BRAM Register                                    |            0  |              0  |                     0  |           0  |           0  |  00:00:00  |
|  URAM Register                                    |            0  |              0  |                     0  |           0  |           0  |  00:00:00  |
|  Dynamic/Static Region Interface Net Replication  |            0  |              0  |                     0  |           0  |           1  |  00:00:00  |
|  Total                                            |            0  |             19  |                    19  |           0  |           4  |  00:00:00  |
-----------------------------------------------------------------------------------------------------------------------------------------------------------


Phase 2.5.2 Physical Synthesis In Placer | Checksum: 212a6a48a

Time (s): cpu = 00:00:04 ; elapsed = 00:00:01 . Memory (MB): peak = 2895.445 ; gain = 0.000 ; free physical = 7857 ; free virtual = 33689
Phase 2.5 Global Place Phase2 | Checksum: 1dddaba60

Time (s): cpu = 00:00:04 ; elapsed = 00:00:01 . Memory (MB): peak = 2895.445 ; gain = 0.000 ; free physical = 7858 ; free virtual = 33690
Phase 2 Global Placement | Checksum: 1dddaba60

Time (s): cpu = 00:00:04 ; elapsed = 00:00:01 . Memory (MB): peak = 2895.445 ; gain = 0.000 ; free physical = 7858 ; free virtual = 33690

Phase 3 Detail Placement

Phase 3.1 Commit Multi Column Macros
Phase 3.1 Commit Multi Column Macros | Checksum: 195002ed3

Time (s): cpu = 00:00:04 ; elapsed = 00:00:01 . Memory (MB): peak = 2895.445 ; gain = 0.000 ; free physical = 7857 ; free virtual = 33688

Phase 3.2 Commit Most Macros & LUTRAMs
Phase 3.2 Commit Most Macros & LUTRAMs | Checksum: 27429e923

Time (s): cpu = 00:00:04 ; elapsed = 00:00:01 . Memory (MB): peak = 2895.445 ; gain = 0.000 ; free physical = 7856 ; free virtual = 33688

Phase 3.3 Area Swap Optimization
Phase 3.3 Area Swap Optimization | Checksum: 27387ca75

Time (s): cpu = 00:00:04 ; elapsed = 00:00:01 . Memory (MB): peak = 2895.445 ; gain = 0.000 ; free physical = 7856 ; free virtual = 33688

Phase 3.4 Pipeline Register Optimization
Phase 3.4 Pipeline Register Optimization | Checksum: 25ba7daa2

Time (s): cpu = 00:00:04 ; elapsed = 00:00:01 . Memory (MB): peak = 2895.445 ; gain = 0.000 ; free physical = 7856 ; free virtual = 33688

Phase 3.5 Fast Optimization
Phase 3.5 Fast Optimization | Checksum: 2dbbdafc4

Time (s): cpu = 00:00:05 ; elapsed = 00:00:01 . Memory (MB): peak = 2895.445 ; gain = 0.000 ; free physical = 7856 ; free virtual = 33687

Phase 3.6 Small Shape Detail Placement
Phase 3.6 Small Shape Detail Placement | Checksum: 238d30721

Time (s): cpu = 00:00:05 ; elapsed = 00:00:02 . Memory (MB): peak = 2895.445 ; gain = 0.000 ; free physical = 7851 ; free virtual = 33683

Phase 3.7 Re-assign LUT pins
Phase 3.7 Re-assign LUT pins | Checksum: 231872686

Time (s): cpu = 00:00:05 ; elapsed = 00:00:02 . Memory (MB): peak = 2895.445 ; gain = 0.000 ; free physical = 7851 ; free virtual = 33683

Phase 3.8 Pipeline Register Optimization
Phase 3.8 Pipeline Register Optimization | Checksum: 1df56d752

Time (s): cpu = 00:00:05 ; elapsed = 00:00:02 . Memory (MB): peak = 2895.445 ; gain = 0.000 ; free physical = 7851 ; free virtual = 33683
Phase 3 Detail Placement | Checksum: 1df56d752

Time (s): cpu = 00:00:05 ; elapsed = 00:00:02 . Memory (MB): peak = 2895.445 ; gain = 0.000 ; free physical = 7851 ; free virtual = 33683

Phase 4 Post Placement Optimization and Clean-Up

Phase 4.1 Post Commit Optimization
INFO: [Timing 38-35] Done setting XDC timing constraints.

Phase 4.1.1 Post Placement Optimization
Post Placement Optimization Initialization | Checksum: 2467b5bfe

Phase 4.1.1.1 BUFG Insertion

Starting Physical Synthesis Task

Phase 1 Physical Synthesis Initialization
INFO: [Physopt 32-721] Multithreading enabled for phys_opt_design using a maximum of 8 CPUs
INFO: [Physopt 32-619] Estimated Timing Summary | WNS=0.052 | TNS=0.000 |
Phase 1 Physical Synthesis Initialization | Checksum: 19a909537

Time (s): cpu = 00:00:00.09 ; elapsed = 00:00:00.02 . Memory (MB): peak = 2895.445 ; gain = 0.000 ; free physical = 7851 ; free virtual = 33682
INFO: [Place 46-56] BUFG insertion identified 0 candidate nets. Inserted BUFG: 0, Replicated BUFG Driver: 0, Skipped due to Placement/Routing Conflicts: 0, Skipped due to Timing Degradation: 0, Skipped due to netlist editing failed: 0.
Ending Physical Synthesis Task | Checksum: 24f6380ac

Time (s): cpu = 00:00:00.1 ; elapsed = 00:00:00.02 . Memory (MB): peak = 2895.445 ; gain = 0.000 ; free physical = 7851 ; free virtual = 33682
Phase 4.1.1.1 BUFG Insertion | Checksum: 2467b5bfe

Time (s): cpu = 00:00:06 ; elapsed = 00:00:02 . Memory (MB): peak = 2895.445 ; gain = 0.000 ; free physical = 7851 ; free virtual = 33682

Phase 4.1.1.2 Post Placement Timing Optimization
INFO: [Place 30-746] Post Placement Timing Summary WNS=0.693. For the most accurate timing information please run report_timing.
Phase 4.1.1.2 Post Placement Timing Optimization | Checksum: 2738d7e5a

Time (s): cpu = 00:00:06 ; elapsed = 00:00:02 . Memory (MB): peak = 2895.445 ; gain = 0.000 ; free physical = 7850 ; free virtual = 33682

Time (s): cpu = 00:00:06 ; elapsed = 00:00:02 . Memory (MB): peak = 2895.445 ; gain = 0.000 ; free physical = 7850 ; free virtual = 33682
Phase 4.1 Post Commit Optimization | Checksum: 2738d7e5a

Time (s): cpu = 00:00:06 ; elapsed = 00:00:02 . Memory (MB): peak = 2895.445 ; gain = 0.000 ; free physical = 7850 ; free virtual = 33681

Phase 4.2 Post Placement Cleanup
Phase 4.2 Post Placement Cleanup | Checksum: 2738d7e5a

Time (s): cpu = 00:00:06 ; elapsed = 00:00:02 . Memory (MB): peak = 2895.445 ; gain = 0.000 ; free physical = 7850 ; free virtual = 33681

Phase 4.3 Placer Reporting

Phase 4.3.1 Print Estimated Congestion
INFO: [Place 30-612] Post-Placement Estimated Congestion 
 ____________________________________________________
|           | Global Congestion | Short Congestion  |
| Direction | Region Size       | Region Size       |
|___________|___________________|___________________|
|      North|                1x1|                1x1|
|___________|___________________|___________________|
|      South|                1x1|                2x2|
|___________|___________________|___________________|
|       East|                1x1|                1x1|
|___________|___________________|___________________|
|       West|                1x1|                2x2|
|___________|___________________|___________________|

Phase 4.3.1 Print Estimated Congestion | Checksum: 2738d7e5a

Time (s): cpu = 00:00:06 ; elapsed = 00:00:02 . Memory (MB): peak = 2895.445 ; gain = 0.000 ; free physical = 7850 ; free virtual = 33681
Phase 4.3 Placer Reporting | Checksum: 2738d7e5a

Time (s): cpu = 00:00:06 ; elapsed = 00:00:02 . Memory (MB): peak = 2895.445 ; gain = 0.000 ; free physical = 7850 ; free virtual = 33681

Phase 4.4 Final Placement Cleanup
Netlist sorting complete. Time (s): cpu = 00:00:00 ; elapsed = 00:00:00 . Memory (MB): peak = 2895.445 ; gain = 0.000 ; free physical = 7850 ; free virtual = 33681

Time (s): cpu = 00:00:06 ; elapsed = 00:00:02 . Memory (MB): peak = 2895.445 ; gain = 0.000 ; free physical = 7850 ; free virtual = 33681
Phase 4 Post Placement Optimization and Clean-Up | Checksum: 23997605a

Time (s): cpu = 00:00:06 ; elapsed = 00:00:02 . Memory (MB): peak = 2895.445 ; gain = 0.000 ; free physical = 7850 ; free virtual = 33681
Ending Placer Task | Checksum: 1e4864e32

Time (s): cpu = 00:00:06 ; elapsed = 00:00:02 . Memory (MB): peak = 2895.445 ; gain = 0.000 ; free physical = 7850 ; free virtual = 33681
70 Infos, 0 Warnings, 0 Critical Warnings and 0 Errors encountered.
place_design completed successfully
INFO: [Vivado 12-24838] Running report commands "report_control_sets, report_io, report_utilization" in parallel.
Running report generation with 3 threads.
INFO: [Vivado 12-24828] Executing command : report_control_sets -verbose -file cw305_unified_butterfly2_top_v4_control_sets_placed.rpt
report_control_sets: Time (s): cpu = 00:00:00.06 ; elapsed = 00:00:00.05 . Memory (MB): peak = 2895.445 ; gain = 0.000 ; free physical = 7813 ; free virtual = 33644
INFO: [Vivado 12-24828] Executing command : report_utilization -file cw305_unified_butterfly2_top_v4_utilization_placed.rpt -pb cw305_unified_butterfly2_top_v4_utilization_placed.pb
INFO: [Vivado 12-24828] Executing command : report_io -file cw305_unified_butterfly2_top_v4_io_placed.rpt
report_io: Time (s): cpu = 00:00:00.12 ; elapsed = 00:00:00.08 . Memory (MB): peak = 2895.445 ; gain = 0.000 ; free physical = 7783 ; free virtual = 33615
INFO: [Timing 38-480] Writing timing data to binary archive.
Write ShapeDB Complete: Time (s): cpu = 00:00:00.01 ; elapsed = 00:00:00 . Memory (MB): peak = 2895.445 ; gain = 0.000 ; free physical = 7783 ; free virtual = 33615
Wrote PlaceDB: Time (s): cpu = 00:00:00.11 ; elapsed = 00:00:00.02 . Memory (MB): peak = 2895.445 ; gain = 0.000 ; free physical = 7775 ; free virtual = 33608
Wrote PulsedLatchDB: Time (s): cpu = 00:00:00 ; elapsed = 00:00:00 . Memory (MB): peak = 2895.445 ; gain = 0.000 ; free physical = 7775 ; free virtual = 33608
Writing XDEF routing.
Writing XDEF routing logical nets.
Writing XDEF routing special nets.
Wrote RouteStorage: Time (s): cpu = 00:00:00.01 ; elapsed = 00:00:00 . Memory (MB): peak = 2895.445 ; gain = 0.000 ; free physical = 7775 ; free virtual = 33608
Wrote Netlist Cache: Time (s): cpu = 00:00:00.01 ; elapsed = 00:00:00 . Memory (MB): peak = 2895.445 ; gain = 0.000 ; free physical = 7775 ; free virtual = 33609
Wrote Device Cache: Time (s): cpu = 00:00:00 ; elapsed = 00:00:00 . Memory (MB): peak = 2895.445 ; gain = 0.000 ; free physical = 7773 ; free virtual = 33607
Write Physdb Complete: Time (s): cpu = 00:00:00.13 ; elapsed = 00:00:00.04 . Memory (MB): peak = 2895.445 ; gain = 0.000 ; free physical = 7773 ; free virtual = 33607
INFO: [Common 17-1381] The checkpoint '/home/sangwoo/Downloads/unified_butterfly2/unified_butterfly2.runs/impl_1/cw305_unified_butterfly2_top_v4_placed.dcp' has been generated.
Command: phys_opt_design
Attempting to get a license for feature 'Implementation' and/or device 'xc7a100t'
INFO: [Common 17-349] Got license for feature 'Implementation' and/or device 'xc7a100t'

Starting Initial Update Timing Task

Time (s): cpu = 00:00:00.14 ; elapsed = 00:00:00.05 . Memory (MB): peak = 2895.445 ; gain = 0.000 ; free physical = 7750 ; free virtual = 33583
INFO: [Vivado_Tcl 4-2279] Estimated Timing Summary | WNS= 0.693 | TNS= 0.000 | 
INFO: [Vivado_Tcl 4-383] Design worst setup slack (WNS) is greater than or equal to 0.000 ns. All physical synthesis setup optimizations will be skipped.
INFO: [Vivado_Tcl 4-232] No setup violation found. The netlist was not modified.
INFO: [Common 17-83] Releasing license: Implementation
81 Infos, 0 Warnings, 0 Critical Warnings and 0 Errors encountered.
phys_opt_design completed successfully
INFO: [Timing 38-480] Writing timing data to binary archive.
Write ShapeDB Complete: Time (s): cpu = 00:00:00.01 ; elapsed = 00:00:00 . Memory (MB): peak = 2895.445 ; gain = 0.000 ; free physical = 7750 ; free virtual = 33582
Wrote PlaceDB: Time (s): cpu = 00:00:00.1 ; elapsed = 00:00:00.03 . Memory (MB): peak = 2895.445 ; gain = 0.000 ; free physical = 7749 ; free virtual = 33583
Wrote PulsedLatchDB: Time (s): cpu = 00:00:00 ; elapsed = 00:00:00 . Memory (MB): peak = 2895.445 ; gain = 0.000 ; free physical = 7749 ; free virtual = 33583
Writing XDEF routing.
Writing XDEF routing logical nets.
Writing XDEF routing special nets.
Wrote RouteStorage: Time (s): cpu = 00:00:00.01 ; elapsed = 00:00:00.01 . Memory (MB): peak = 2895.445 ; gain = 0.000 ; free physical = 7749 ; free virtual = 33583
Wrote Netlist Cache: Time (s): cpu = 00:00:00 ; elapsed = 00:00:00 . Memory (MB): peak = 2895.445 ; gain = 0.000 ; free physical = 7749 ; free virtual = 33583
Wrote Device Cache: Time (s): cpu = 00:00:00 ; elapsed = 00:00:00 . Memory (MB): peak = 2895.445 ; gain = 0.000 ; free physical = 7749 ; free virtual = 33584
Write Physdb Complete: Time (s): cpu = 00:00:00.12 ; elapsed = 00:00:00.04 . Memory (MB): peak = 2895.445 ; gain = 0.000 ; free physical = 7749 ; free virtual = 33584
INFO: [Common 17-1381] The checkpoint '/home/sangwoo/Downloads/unified_butterfly2/unified_butterfly2.runs/impl_1/cw305_unified_butterfly2_top_v4_physopt.dcp' has been generated.
Command: route_design
Attempting to get a license for feature 'Implementation' and/or device 'xc7a100t'
INFO: [Common 17-349] Got license for feature 'Implementation' and/or device 'xc7a100t'


Starting Routing Task
INFO: [Route 35-254] Multithreading enabled for route_design using a maximum of 8 CPUs

Phase 1 Build RT Design
Checksum: PlaceDB: dc1e9a0d ConstDB: 0 ShapeSum: 5695548f RouteDB: b1d25f96
Post Restoration Checksum: NetGraph: d9c7299a | NumContArr: 65e97234 | Constraints: c2a8fa9d | Timing: c2a8fa9d
Phase 1 Build RT Design | Checksum: 2c5029108

Time (s): cpu = 00:00:11 ; elapsed = 00:00:10 . Memory (MB): peak = 2895.445 ; gain = 0.000 ; free physical = 7684 ; free virtual = 33517

Phase 2 Router Initialization

Phase 2.1 Fix Topology Constraints
Phase 2.1 Fix Topology Constraints | Checksum: 2c5029108

Time (s): cpu = 00:00:11 ; elapsed = 00:00:10 . Memory (MB): peak = 2895.445 ; gain = 0.000 ; free physical = 7684 ; free virtual = 33517

Phase 2.2 Pre Route Cleanup
Phase 2.2 Pre Route Cleanup | Checksum: 2c5029108

Time (s): cpu = 00:00:11 ; elapsed = 00:00:10 . Memory (MB): peak = 2895.445 ; gain = 0.000 ; free physical = 7684 ; free virtual = 33517
 Number of Nodes with overlaps = 0

Phase 2.3 Update Timing
Phase 2.3 Update Timing | Checksum: 219a72e96

Time (s): cpu = 00:00:12 ; elapsed = 00:00:10 . Memory (MB): peak = 2904.387 ; gain = 8.941 ; free physical = 7658 ; free virtual = 33491
INFO: [Route 35-416] Intermediate Timing Summary | WNS=0.752  | TNS=0.000  | WHS=-0.142 | THS=-9.770 |


Router Utilization Summary
  Global Vertical Routing Utilization    = 0 %
  Global Horizontal Routing Utilization  = 0 %
  Routable Net Status*
  *Does not include unroutable nets such as driverless and loadless.
  Run report_route_status for detailed report.
  Number of Failed Nets               = 1964
    (Failed Nets is the sum of unrouted and partially routed nets)
  Number of Unrouted Nets             = 1964
  Number of Partially Routed Nets     = 0
  Number of Node Overlaps             = 0

Phase 2 Router Initialization | Checksum: 1c6bbb467

Time (s): cpu = 00:00:12 ; elapsed = 00:00:10 . Memory (MB): peak = 2904.387 ; gain = 8.941 ; free physical = 7650 ; free virtual = 33483

Phase 3 Global Routing
Phase 3 Global Routing | Checksum: 1c6bbb467

Time (s): cpu = 00:00:12 ; elapsed = 00:00:10 . Memory (MB): peak = 2904.387 ; gain = 8.941 ; free physical = 7650 ; free virtual = 33483

Phase 4 Initial Routing

Phase 4.1 Initial Net Routing Pass
Phase 4.1 Initial Net Routing Pass | Checksum: 269337071

Time (s): cpu = 00:00:12 ; elapsed = 00:00:10 . Memory (MB): peak = 2904.387 ; gain = 8.941 ; free physical = 7649 ; free virtual = 33482
Phase 4 Initial Routing | Checksum: 269337071

Time (s): cpu = 00:00:12 ; elapsed = 00:00:10 . Memory (MB): peak = 2904.387 ; gain = 8.941 ; free physical = 7649 ; free virtual = 33482

Phase 5 Rip-up And Reroute

Phase 5.1 Global Iteration 0
 Number of Nodes with overlaps = 253
 Number of Nodes with overlaps = 81
 Number of Nodes with overlaps = 26
 Number of Nodes with overlaps = 13
 Number of Nodes with overlaps = 8
 Number of Nodes with overlaps = 2
 Number of Nodes with overlaps = 2
 Number of Nodes with overlaps = 0
INFO: [Route 35-416] Intermediate Timing Summary | WNS=0.543  | TNS=0.000  | WHS=N/A    | THS=N/A    |

Phase 5.1 Global Iteration 0 | Checksum: 2865dc726

Time (s): cpu = 00:00:14 ; elapsed = 00:00:11 . Memory (MB): peak = 2904.387 ; gain = 8.941 ; free physical = 7650 ; free virtual = 33483
Phase 5 Rip-up And Reroute | Checksum: 2865dc726

Time (s): cpu = 00:00:14 ; elapsed = 00:00:11 . Memory (MB): peak = 2904.387 ; gain = 8.941 ; free physical = 7650 ; free virtual = 33483

Phase 6 Delay and Skew Optimization

Phase 6.1 Delay CleanUp

Phase 6.1.1 Update Timing
Phase 6.1.1 Update Timing | Checksum: 23ff11073

Time (s): cpu = 00:00:14 ; elapsed = 00:00:11 . Memory (MB): peak = 2904.387 ; gain = 8.941 ; free physical = 7650 ; free virtual = 33483
INFO: [Route 35-416] Intermediate Timing Summary | WNS=0.623  | TNS=0.000  | WHS=N/A    | THS=N/A    |

Phase 6.1 Delay CleanUp | Checksum: 23ff11073

Time (s): cpu = 00:00:14 ; elapsed = 00:00:11 . Memory (MB): peak = 2904.387 ; gain = 8.941 ; free physical = 7650 ; free virtual = 33483

Phase 6.2 Clock Skew Optimization
Phase 6.2 Clock Skew Optimization | Checksum: 23ff11073

Time (s): cpu = 00:00:14 ; elapsed = 00:00:11 . Memory (MB): peak = 2904.387 ; gain = 8.941 ; free physical = 7650 ; free virtual = 33483
Phase 6 Delay and Skew Optimization | Checksum: 23ff11073

Time (s): cpu = 00:00:14 ; elapsed = 00:00:11 . Memory (MB): peak = 2904.387 ; gain = 8.941 ; free physical = 7650 ; free virtual = 33483

Phase 7 Post Hold Fix

Phase 7.1 Hold Fix Iter
INFO: [Route 35-416] Intermediate Timing Summary | WNS=0.623  | TNS=0.000  | WHS=-1.498 | THS=-79.258|

Phase 7.1 Hold Fix Iter | Checksum: 1aef9c8ae

Time (s): cpu = 00:00:14 ; elapsed = 00:00:11 . Memory (MB): peak = 2904.387 ; gain = 8.941 ; free physical = 7650 ; free virtual = 33483

Phase 7.2 Non Free Resource Hold Fix Iter
Phase 7.2 Non Free Resource Hold Fix Iter | Checksum: 1bb514d7e

Time (s): cpu = 00:00:14 ; elapsed = 00:00:11 . Memory (MB): peak = 2904.387 ; gain = 8.941 ; free physical = 7650 ; free virtual = 33483
Phase 7 Post Hold Fix | Checksum: 1bb514d7e

Time (s): cpu = 00:00:14 ; elapsed = 00:00:11 . Memory (MB): peak = 2904.387 ; gain = 8.941 ; free physical = 7650 ; free virtual = 33483

Phase 8 Route finalize

Router Utilization Summary
  Global Vertical Routing Utilization    = 0.420203 %
  Global Horizontal Routing Utilization  = 0.471867 %
  Routable Net Status*
  *Does not include unroutable nets such as driverless and loadless.
  Run report_route_status for detailed report.
  Number of Failed Nets               = 0
    (Failed Nets is the sum of unrouted and partially routed nets)
  Number of Unrouted Nets             = 0
  Number of Partially Routed Nets     = 0
  Number of Node Overlaps             = 0

Phase 8 Route finalize | Checksum: 1bb514d7e

Time (s): cpu = 00:00:15 ; elapsed = 00:00:11 . Memory (MB): peak = 2904.387 ; gain = 8.941 ; free physical = 7650 ; free virtual = 33483

Phase 9 Verifying routed nets

 Verification completed successfully
Phase 9 Verifying routed nets | Checksum: 1bb514d7e

Time (s): cpu = 00:00:15 ; elapsed = 00:00:11 . Memory (MB): peak = 2904.387 ; gain = 8.941 ; free physical = 7649 ; free virtual = 33482

Phase 10 Depositing Routes
Phase 10 Depositing Routes | Checksum: 2380d1345

Time (s): cpu = 00:00:15 ; elapsed = 00:00:11 . Memory (MB): peak = 2904.387 ; gain = 8.941 ; free physical = 7649 ; free virtual = 33482

Phase 11 Post Process Routing
Phase 11 Post Process Routing | Checksum: 2380d1345

Time (s): cpu = 00:00:15 ; elapsed = 00:00:11 . Memory (MB): peak = 2904.387 ; gain = 8.941 ; free physical = 7649 ; free virtual = 33482

Phase 12 Post Router Timing

Phase 12.1 Update Timing
Phase 12.1 Update Timing | Checksum: 2380d1345

Time (s): cpu = 00:00:15 ; elapsed = 00:00:11 . Memory (MB): peak = 2904.387 ; gain = 8.941 ; free physical = 7649 ; free virtual = 33482
INFO: [Route 35-57] Estimated Timing Summary | WNS=0.623  | TNS=0.000  | WHS=0.053  | THS=0.000  |

INFO: [Route 35-327] The final timing numbers are based on the router estimated timing analysis. For a complete and accurate timing signoff, please run report_timing_summary.
Phase 12 Post Router Timing | Checksum: 2380d1345

Time (s): cpu = 00:00:15 ; elapsed = 00:00:11 . Memory (MB): peak = 2904.387 ; gain = 8.941 ; free physical = 7649 ; free virtual = 33482
Total Elapsed time in route_design: 11.2 secs

Phase 13 Post-Route Event Processing
Phase 13 Post-Route Event Processing | Checksum: 715d87a1

Time (s): cpu = 00:00:15 ; elapsed = 00:00:11 . Memory (MB): peak = 2904.387 ; gain = 8.941 ; free physical = 7649 ; free virtual = 33482
INFO: [Route 35-16] Router Completed Successfully
Ending Routing Task | Checksum: 715d87a1

Time (s): cpu = 00:00:15 ; elapsed = 00:00:11 . Memory (MB): peak = 2904.387 ; gain = 8.941 ; free physical = 7649 ; free virtual = 33482

Routing Is Done.
INFO: [Common 17-83] Releasing license: Implementation
93 Infos, 0 Warnings, 0 Critical Warnings and 0 Errors encountered.
route_design completed successfully
route_design: Time (s): cpu = 00:00:15 ; elapsed = 00:00:11 . Memory (MB): peak = 2904.387 ; gain = 8.941 ; free physical = 7651 ; free virtual = 33484
INFO: [Vivado 12-24828] Executing command : report_drc -file cw305_unified_butterfly2_top_v4_drc_routed.rpt -pb cw305_unified_butterfly2_top_v4_drc_routed.pb -rpx cw305_unified_butterfly2_top_v4_drc_routed.rpx
Command: report_drc -file cw305_unified_butterfly2_top_v4_drc_routed.rpt -pb cw305_unified_butterfly2_top_v4_drc_routed.pb -rpx cw305_unified_butterfly2_top_v4_drc_routed.rpx
INFO: [IP_Flow 19-1839] IP Catalog is up to date.
INFO: [DRC 23-27] Running DRC with 8 threads
INFO: [Vivado_Tcl 2-168] The results of DRC are in file /home/sangwoo/Downloads/unified_butterfly2/unified_butterfly2.runs/impl_1/cw305_unified_butterfly2_top_v4_drc_routed.rpt.
report_drc completed successfully
INFO: [Vivado 12-24828] Executing command : report_methodology -file cw305_unified_butterfly2_top_v4_methodology_drc_routed.rpt -pb cw305_unified_butterfly2_top_v4_methodology_drc_routed.pb -rpx cw305_unified_butterfly2_top_v4_methodology_drc_routed.rpx
Command: report_methodology -file cw305_unified_butterfly2_top_v4_methodology_drc_routed.rpt -pb cw305_unified_butterfly2_top_v4_methodology_drc_routed.pb -rpx cw305_unified_butterfly2_top_v4_methodology_drc_routed.rpx
INFO: [Timing 38-35] Done setting XDC timing constraints.
INFO: [DRC 23-133] Running Methodology with 8 threads
INFO: [Vivado_Tcl 2-1520] The results of Report Methodology are in file /home/sangwoo/Downloads/unified_butterfly2/unified_butterfly2.runs/impl_1/cw305_unified_butterfly2_top_v4_methodology_drc_routed.rpt.
report_methodology completed successfully
INFO: [Vivado 12-24828] Executing command : report_timing_summary -max_paths 10 -report_unconstrained -file cw305_unified_butterfly2_top_v4_timing_summary_routed.rpt -pb cw305_unified_butterfly2_top_v4_timing_summary_routed.pb -rpx cw305_unified_butterfly2_top_v4_timing_summary_routed.rpx -warn_on_violation 
INFO: [Timing 38-35] Done setting XDC timing constraints.
INFO: [Timing 38-91] UpdateTimingParams: Speed grade: -1, Delay Type: min_max.
INFO: [Timing 38-191] Multithreading enabled for timing update using a maximum of 8 CPUs
INFO: [Vivado 12-24838] Running report commands "report_bus_skew, report_incremental_reuse, report_route_status" in parallel.
Running report generation with 3 threads.
INFO: [Vivado 12-24828] Executing command : report_route_status -file cw305_unified_butterfly2_top_v4_route_status.rpt -pb cw305_unified_butterfly2_top_v4_route_status.pb
INFO: [Vivado 12-24828] Executing command : report_incremental_reuse -file cw305_unified_butterfly2_top_v4_incremental_reuse_routed.rpt
INFO: [Vivado_Tcl 4-1062] Incremental flow is disabled. No incremental reuse Info to report.
INFO: [Vivado 12-24828] Executing command : report_bus_skew -warn_on_violation -file cw305_unified_butterfly2_top_v4_bus_skew_routed.rpt -pb cw305_unified_butterfly2_top_v4_bus_skew_routed.pb -rpx cw305_unified_butterfly2_top_v4_bus_skew_routed.rpx
INFO: [Timing 38-91] UpdateTimingParams: Speed grade: -1, Delay Type: min_max.
INFO: [Timing 38-191] Multithreading enabled for timing update using a maximum of 8 CPUs
INFO: [Vivado 12-24828] Executing command : report_power -file cw305_unified_butterfly2_top_v4_power_routed.rpt -pb cw305_unified_butterfly2_top_v4_power_summary_routed.pb -rpx cw305_unified_butterfly2_top_v4_power_routed.rpx
Command: report_power -file cw305_unified_butterfly2_top_v4_power_routed.rpt -pb cw305_unified_butterfly2_top_v4_power_summary_routed.pb -rpx cw305_unified_butterfly2_top_v4_power_routed.rpx
Running Vector-less Activity Propagation...

Finished Running Vector-less Activity Propagation
113 Infos, 0 Warnings, 0 Critical Warnings and 0 Errors encountered.
report_power completed successfully
INFO: [Vivado 12-24828] Executing command : report_clock_utilization -file cw305_unified_butterfly2_top_v4_clock_utilization_routed.rpt
INFO: [Timing 38-480] Writing timing data to binary archive.
Write ShapeDB Complete: Time (s): cpu = 00:00:00.01 ; elapsed = 00:00:00.01 . Memory (MB): peak = 3055.645 ; gain = 0.000 ; free physical = 7501 ; free virtual = 33335
Wrote PlaceDB: Time (s): cpu = 00:00:00.1 ; elapsed = 00:00:00.03 . Memory (MB): peak = 3055.645 ; gain = 0.000 ; free physical = 7501 ; free virtual = 33337
Wrote PulsedLatchDB: Time (s): cpu = 00:00:00 ; elapsed = 00:00:00 . Memory (MB): peak = 3055.645 ; gain = 0.000 ; free physical = 7501 ; free virtual = 33337
Writing XDEF routing.
Writing XDEF routing logical nets.
Writing XDEF routing special nets.
Wrote RouteStorage: Time (s): cpu = 00:00:00.03 ; elapsed = 00:00:00.02 . Memory (MB): peak = 3055.645 ; gain = 0.000 ; free physical = 7500 ; free virtual = 33336
Wrote Netlist Cache: Time (s): cpu = 00:00:00 ; elapsed = 00:00:00 . Memory (MB): peak = 3055.645 ; gain = 0.000 ; free physical = 7500 ; free virtual = 33336
Wrote Device Cache: Time (s): cpu = 00:00:00 ; elapsed = 00:00:00 . Memory (MB): peak = 3055.645 ; gain = 0.000 ; free physical = 7500 ; free virtual = 33336
Write Physdb Complete: Time (s): cpu = 00:00:00.13 ; elapsed = 00:00:00.05 . Memory (MB): peak = 3055.645 ; gain = 0.000 ; free physical = 7500 ; free virtual = 33336
INFO: [Common 17-1381] The checkpoint '/home/sangwoo/Downloads/unified_butterfly2/unified_butterfly2.runs/impl_1/cw305_unified_butterfly2_top_v4_routed.dcp' has been generated.
Command: write_bitstream -force cw305_unified_butterfly2_top_v4.bit
Attempting to get a license for feature 'Implementation' and/or device 'xc7a100t'
INFO: [Common 17-349] Got license for feature 'Implementation' and/or device 'xc7a100t'
Running DRC as a precondition to command write_bitstream
INFO: [IP_Flow 19-1839] IP Catalog is up to date.
INFO: [DRC 23-27] Running DRC with 8 threads
INFO: [Vivado 12-3199] DRC finished with 0 Errors
INFO: [Vivado 12-3200] Please refer to the DRC report (report_drc) for more information.
INFO: [Designutils 20-2272] Running write_bitstream with 8 threads.
Loading data files...
Loading site data...
Loading route data...
Processing options...
Overwriting "TIMESTAMP" with "4AB4FAC6" for option USR_ACCESS
TIMESTAMP = Sat May  9 15:43:06 2026

Creating bitmap...
Creating bitstream...
Bitstream compression saved 25226304 bits.
Writing bitstream ./cw305_unified_butterfly2_top_v4.bit...
INFO: [Vivado 12-1842] Bitgen Completed Successfully.
INFO: [Project 1-1876] WebTalk data collection is mandatory when using a ULT device. To see the specific WebTalk data collected for your design, open the usage_statistics_webtalk.html or usage_statistics_webtalk.xml file in the implementation directory.
INFO: [Common 17-83] Releasing license: Implementation
125 Infos, 0 Warnings, 0 Critical Warnings and 0 Errors encountered.
write_bitstream completed successfully
write_bitstream: Time (s): cpu = 00:00:07 ; elapsed = 00:00:07 . Memory (MB): peak = 3310.699 ; gain = 255.055 ; free physical = 7228 ; free virtual = 33064
INFO: [Common 17-206] Exiting Vivado at Sat May  9 15:43:06 2026...

*** Running vivado
    with args -log cw305_unified_butterfly2_top_v4.vdi -applog -m64 -product Vivado -messageDb vivado.pb -mode batch -source cw305_unified_butterfly2_top_v4.tcl -notrace


****** Vivado v2024.2 (64-bit)
  **** SW Build 5239630 on Fri Nov 08 22:34:34 MST 2024
  **** IP Build 5239520 on Sun Nov 10 16:12:51 MST 2024
  **** SharedData Build 5239561 on Fri Nov 08 14:39:27 MST 2024
  **** Start of session at: Sat May  9 15:52:54 2026
    ** Copyright 1986-2022 Xilinx, Inc. All Rights Reserved.
    ** Copyright 2022-2024 Advanced Micro Devices, Inc. All Rights Reserved.

source cw305_unified_butterfly2_top_v4.tcl -notrace
Command: open_checkpoint cw305_unified_butterfly2_top_v4_routed.dcp
INFO: [Device 21-403] Loading part xc7a100tftg256-1
Netlist sorting complete. Time (s): cpu = 00:00:00 ; elapsed = 00:00:00.01 . Memory (MB): peak = 1511.328 ; gain = 0.000 ; free physical = 8816 ; free virtual = 34660
INFO: [Netlist 29-17] Analyzing 129 Unisim elements for replacement
INFO: [Netlist 29-28] Unisim Transformation completed in 0 CPU seconds
INFO: [Project 1-479] Netlist was created with Vivado 2024.2
INFO: [Project 1-570] Preparing netlist for logic optimization
Read ShapeDB Complete: Time (s): cpu = 00:00:00 ; elapsed = 00:00:00.01 . Memory (MB): peak = 1571.172 ; gain = 1.000 ; free physical = 8733 ; free virtual = 34577
INFO: [Timing 38-478] Restoring timing data from binary archive.
INFO: [Timing 38-479] Binary timing data restore complete.
INFO: [Project 1-856] Restoring constraints from binary archive.
INFO: [Project 1-853] Binary constraint restore complete.
INFO: [Designutils 20-5722] Start Reading Physical Databases.
Reading placement.
Read Netlist Cache: Time (s): cpu = 00:00:00 ; elapsed = 00:00:00.01 . Memory (MB): peak = 2175.562 ; gain = 0.000 ; free physical = 8209 ; free virtual = 34051
Reading placer database...
Read Device Cache: Time (s): cpu = 00:00:00 ; elapsed = 00:00:00 . Memory (MB): peak = 2175.562 ; gain = 0.000 ; free physical = 8209 ; free virtual = 34051
Read PlaceDB: Time (s): cpu = 00:00:00.03 ; elapsed = 00:00:00.02 . Memory (MB): peak = 2175.562 ; gain = 0.000 ; free physical = 8205 ; free virtual = 34048
Read PulsedLatchDB: Time (s): cpu = 00:00:00 ; elapsed = 00:00:00 . Memory (MB): peak = 2175.562 ; gain = 0.000 ; free physical = 8205 ; free virtual = 34048
Reading routing.
Read RouteStorage: Time (s): cpu = 00:00:00.02 ; elapsed = 00:00:00.01 . Memory (MB): peak = 2175.562 ; gain = 0.000 ; free physical = 8205 ; free virtual = 34048
Read Physdb Files: Time (s): cpu = 00:00:00.05 ; elapsed = 00:00:00.04 . Memory (MB): peak = 2175.562 ; gain = 0.000 ; free physical = 8205 ; free virtual = 34048
Restored from archive | CPU: 0.070000 secs | Memory: 3.297340 MB |
Finished XDEF File Restore: Time (s): cpu = 00:00:00.07 ; elapsed = 00:00:00.06 . Memory (MB): peak = 2175.562 ; gain = 5.938 ; free physical = 8205 ; free virtual = 34048
Netlist sorting complete. Time (s): cpu = 00:00:00 ; elapsed = 00:00:00 . Memory (MB): peak = 2175.562 ; gain = 0.000 ; free physical = 8205 ; free virtual = 34048
INFO: [Project 1-111] Unisim Transformation Summary:
  A total of 8 instances were transformed.
  IOBUF => IOBUF (IBUF, OBUFT): 8 instances

INFO: [Project 1-604] Checkpoint was created with Vivado v2024.2 (64-bit) build 5239630
open_checkpoint: Time (s): cpu = 00:00:06 ; elapsed = 00:00:06 . Memory (MB): peak = 2175.562 ; gain = 730.664 ; free physical = 8205 ; free virtual = 34048
Command: write_bitstream -force cw305_unified_butterfly2_top_v4.bit
Attempting to get a license for feature 'Implementation' and/or device 'xc7a100t'
INFO: [Common 17-349] Got license for feature 'Implementation' and/or device 'xc7a100t'
Running DRC as a precondition to command write_bitstream
INFO: [IP_Flow 19-234] Refreshing IP repositories
INFO: [IP_Flow 19-1704] No user IP repositories specified
INFO: [IP_Flow 19-2313] Loaded Vivado IP repository '/home/sangwoo/kyc/Vivado/2024.2/data/ip'.
INFO: [DRC 23-27] Running DRC with 8 threads
INFO: [Vivado 12-3199] DRC finished with 0 Errors
INFO: [Vivado 12-3200] Please refer to the DRC report (report_drc) for more information.
INFO: [Designutils 20-2272] Running write_bitstream with 8 threads.
Loading data files...
Loading site data...
Loading route data...
Processing options...
Overwriting "TIMESTAMP" with "4AB4FD47" for option USR_ACCESS
TIMESTAMP = Sat May  9 15:53:07 2026

Creating bitmap...
Creating bitstream...
Bitstream compression saved 25226304 bits.
Writing bitstream ./cw305_unified_butterfly2_top_v4.bit...
INFO: [Vivado 12-1842] Bitgen Completed Successfully.
INFO: [Project 1-1876] WebTalk data collection is mandatory when using a ULT device. To see the specific WebTalk data collected for your design, open the usage_statistics_webtalk.html or usage_statistics_webtalk.xml file in the implementation directory.
INFO: [Common 17-83] Releasing license: Implementation
23 Infos, 0 Warnings, 0 Critical Warnings and 0 Errors encountered.
write_bitstream completed successfully
write_bitstream: Time (s): cpu = 00:00:08 ; elapsed = 00:00:07 . Memory (MB): peak = 2729.824 ; gain = 554.262 ; free physical = 7662 ; free virtual = 33507
INFO: [Common 17-206] Exiting Vivado at Sat May  9 15:53:07 2026...
