
*** Running vivado
    with args -log cw305_unified_butterfly2_top_v4.vds -m64 -product Vivado -mode batch -messageDb vivado.pb -notrace -source cw305_unified_butterfly2_top_v4.tcl


****** Vivado v2024.2 (64-bit)
  **** SW Build 5239630 on Fri Nov 08 22:34:34 MST 2024
  **** IP Build 5239520 on Sun Nov 10 16:12:51 MST 2024
  **** SharedData Build 5239561 on Fri Nov 08 14:39:27 MST 2024
  **** Start of session at: Sat May  9 15:42:11 2026
    ** Copyright 1986-2022 Xilinx, Inc. All Rights Reserved.
    ** Copyright 2022-2024 Advanced Micro Devices, Inc. All Rights Reserved.

source cw305_unified_butterfly2_top_v4.tcl -notrace
Command: read_checkpoint -auto_incremental -incremental /home/sangwoo/Downloads/unified_butterfly2/unified_butterfly2.srcs/utils_1/imports/synth_1/unified_butterfly2_top.dcp
INFO: [Vivado 12-5825] Read reference checkpoint from /home/sangwoo/Downloads/unified_butterfly2/unified_butterfly2.srcs/utils_1/imports/synth_1/unified_butterfly2_top.dcp for incremental synthesis
INFO: [Vivado 12-7989] Please ensure there are no constraint changes
Command: synth_design -top cw305_unified_butterfly2_top_v4 -part xc7a100tftg256-1
Starting synth_design
Attempting to get a license for feature 'Synthesis' and/or device 'xc7a100t'
INFO: [Common 17-349] Got license for feature 'Synthesis' and/or device 'xc7a100t'
INFO: [Device 21-403] Loading part xc7a100tftg256-1
INFO: [Designutils 20-5440] No compile time benefit to using incremental synthesis; A full resynthesis will be run
INFO: [Designutils 20-4379] Flow is switching to default flow due to incremental criteria not met. If you would like to alter this behaviour and have the flow terminate instead, please set the following parameter config_implementation {autoIncr.Synth.RejectBehavior Terminate}
INFO: [Synth 8-7079] Multithreading enabled for synth_design using a maximum of 7 processes.
INFO: [Synth 8-7078] Launching helper process for spawning children vivado processes
INFO: [Synth 8-7075] Helper process launched with PID 766923
---------------------------------------------------------------------------------
Starting RTL Elaboration : Time (s): cpu = 00:00:02 ; elapsed = 00:00:02 . Memory (MB): peak = 1939.781 ; gain = 419.828 ; free physical = 8162 ; free virtual = 33992
---------------------------------------------------------------------------------
INFO: [Synth 8-6157] synthesizing module 'cw305_unified_butterfly2_top_v4' [/home/sangwoo/Downloads/unified_butterfly2/unified_butterfly2.srcs/sources_1/new/cw305_unified_butterfly2_top_v4_directwrite.v:27]
INFO: [Synth 8-6157] synthesizing module 'BUFG' [/home/sangwoo/kyc/Vivado/2024.2/scripts/rt/data/unisim_comp.v:2676]
INFO: [Synth 8-6155] done synthesizing module 'BUFG' (0#1) [/home/sangwoo/kyc/Vivado/2024.2/scripts/rt/data/unisim_comp.v:2676]
INFO: [Synth 8-6157] synthesizing module 'cw305_usb_reg_fe' [/home/sangwoo/Downloads/unified_butterfly2/unified_butterfly2.srcs/sources_1/new/cw305_usb_reg_fe.v:31]
	Parameter pADDR_WIDTH bound to: 21 - type: integer 
	Parameter pBYTECNT_SIZE bound to: 7 - type: integer 
	Parameter pREG_RDDLY_LEN bound to: 3 - type: integer 
INFO: [Synth 8-6155] done synthesizing module 'cw305_usb_reg_fe' (0#1) [/home/sangwoo/Downloads/unified_butterfly2/unified_butterfly2.srcs/sources_1/new/cw305_usb_reg_fe.v:31]
INFO: [Synth 8-6157] synthesizing module 'unified_butterfly2_top' [/home/sangwoo/Downloads/unified_butterfly2/unified_butterfly2.srcs/sources_1/new/unified_butterfly2_top.v:3]
INFO: [Synth 8-6157] synthesizing module 'blk_mem_gen_0' [/home/sangwoo/Downloads/unified_butterfly2/unified_butterfly2.runs/synth_1/.Xil/Vivado-766868-kyc-system-product-name/realtime/blk_mem_gen_0_stub.v:6]
INFO: [Synth 8-6155] done synthesizing module 'blk_mem_gen_0' (0#1) [/home/sangwoo/Downloads/unified_butterfly2/unified_butterfly2.runs/synth_1/.Xil/Vivado-766868-kyc-system-product-name/realtime/blk_mem_gen_0_stub.v:6]
INFO: [Synth 8-6157] synthesizing module 'unified_butterfly2_core' [/home/sangwoo/Downloads/unified_butterfly2/unified_butterfly2.srcs/sources_1/new/unified_bufferfly2.v:26]
INFO: [Synth 8-6157] synthesizing module 'Modular_Reduction32' [/home/sangwoo/Downloads/unified_butterfly2/unified_butterfly2.srcs/sources_1/new/Modular_Reduction32.v:25]
INFO: [Synth 8-6155] done synthesizing module 'Modular_Reduction32' (0#1) [/home/sangwoo/Downloads/unified_butterfly2/unified_butterfly2.srcs/sources_1/new/Modular_Reduction32.v:25]
INFO: [Synth 8-6155] done synthesizing module 'unified_butterfly2_core' (0#1) [/home/sangwoo/Downloads/unified_butterfly2/unified_butterfly2.srcs/sources_1/new/unified_bufferfly2.v:26]
INFO: [Synth 8-6155] done synthesizing module 'unified_butterfly2_top' (0#1) [/home/sangwoo/Downloads/unified_butterfly2/unified_butterfly2.srcs/sources_1/new/unified_butterfly2_top.v:3]
INFO: [Synth 8-155] case statement is not full and has no default [/home/sangwoo/Downloads/unified_butterfly2/unified_butterfly2.srcs/sources_1/new/cw305_unified_butterfly2_top_v4_directwrite.v:173]
INFO: [Synth 8-6155] done synthesizing module 'cw305_unified_butterfly2_top_v4' (0#1) [/home/sangwoo/Downloads/unified_butterfly2/unified_butterfly2.srcs/sources_1/new/cw305_unified_butterfly2_top_v4_directwrite.v:27]
WARNING: [Synth 8-7129] Port usb_alen in module cw305_usb_reg_fe is either unconnected or has no load
WARNING: [Synth 8-7129] Port j16_sel in module cw305_unified_butterfly2_top_v4 is either unconnected or has no load
WARNING: [Synth 8-7129] Port k16_sel in module cw305_unified_butterfly2_top_v4 is either unconnected or has no load
WARNING: [Synth 8-7129] Port k15_sel in module cw305_unified_butterfly2_top_v4 is either unconnected or has no load
WARNING: [Synth 8-7129] Port l14_sel in module cw305_unified_butterfly2_top_v4 is either unconnected or has no load
WARNING: [Synth 8-7129] Port pushbutton in module cw305_unified_butterfly2_top_v4 is either unconnected or has no load
WARNING: [Synth 8-7129] Port pll_clk1 in module cw305_unified_butterfly2_top_v4 is either unconnected or has no load
WARNING: [Synth 8-7129] Port tio_clkin in module cw305_unified_butterfly2_top_v4 is either unconnected or has no load
---------------------------------------------------------------------------------
Finished RTL Elaboration : Time (s): cpu = 00:00:02 ; elapsed = 00:00:02 . Memory (MB): peak = 2018.719 ; gain = 498.766 ; free physical = 8073 ; free virtual = 33905
---------------------------------------------------------------------------------
---------------------------------------------------------------------------------
Start Handling Custom Attributes
---------------------------------------------------------------------------------
---------------------------------------------------------------------------------
Finished Handling Custom Attributes : Time (s): cpu = 00:00:02 ; elapsed = 00:00:03 . Memory (MB): peak = 2033.562 ; gain = 513.609 ; free physical = 8072 ; free virtual = 33903
---------------------------------------------------------------------------------
---------------------------------------------------------------------------------
Finished RTL Optimization Phase 1 : Time (s): cpu = 00:00:02 ; elapsed = 00:00:03 . Memory (MB): peak = 2033.562 ; gain = 513.609 ; free physical = 8072 ; free virtual = 33903
---------------------------------------------------------------------------------
Netlist sorting complete. Time (s): cpu = 00:00:00.01 ; elapsed = 00:00:00 . Memory (MB): peak = 2036.531 ; gain = 0.000 ; free physical = 8070 ; free virtual = 33901
INFO: [Project 1-570] Preparing netlist for logic optimization

Processing XDC Constraints
Initializing timing engine
Parsing XDC File [/home/sangwoo/Downloads/unified_butterfly2/unified_butterfly2.gen/sources_1/ip/blk_mem_gen_0/blk_mem_gen_0/blk_mem_gen_0_in_context.xdc] for cell 'U_butterfly/ZETA_ROM'
Finished Parsing XDC File [/home/sangwoo/Downloads/unified_butterfly2/unified_butterfly2.gen/sources_1/ip/blk_mem_gen_0/blk_mem_gen_0/blk_mem_gen_0_in_context.xdc] for cell 'U_butterfly/ZETA_ROM'
Parsing XDC File [/home/sangwoo/Downloads/unified_butterfly2/unified_butterfly2.srcs/constrs_1/new/cw305_unified_butterfly2_top_v4.xdc]
Finished Parsing XDC File [/home/sangwoo/Downloads/unified_butterfly2/unified_butterfly2.srcs/constrs_1/new/cw305_unified_butterfly2_top_v4.xdc]
INFO: [Project 1-236] Implementation specific constraints were found while reading constraint file [/home/sangwoo/Downloads/unified_butterfly2/unified_butterfly2.srcs/constrs_1/new/cw305_unified_butterfly2_top_v4.xdc]. These constraints will be ignored for synthesis but will be used in implementation. Impacted constraints are listed in the file [.Xil/cw305_unified_butterfly2_top_v4_propImpl.xdc].
Resolution: To avoid this warning, move constraints listed in [.Xil/cw305_unified_butterfly2_top_v4_propImpl.xdc] to another XDC file and exclude this new file from synthesis with the used_in_synthesis property (File Properties dialog in GUI) and re-run elaboration/synthesis.
Completed Processing XDC Constraints

Netlist sorting complete. Time (s): cpu = 00:00:00 ; elapsed = 00:00:00.01 . Memory (MB): peak = 2175.309 ; gain = 0.000 ; free physical = 8069 ; free virtual = 33900
INFO: [Project 1-111] Unisim Transformation Summary:
No Unisim elements were transformed.

Constraint Validation Runtime : Time (s): cpu = 00:00:00 ; elapsed = 00:00:00 . Memory (MB): peak = 2175.309 ; gain = 0.000 ; free physical = 8069 ; free virtual = 33900
WARNING: [Timing 38-316] Clock period '20.000' specified during out-of-context synthesis of instance 'U_butterfly/ZETA_ROM' at clock pin 'clka' is different from the actual clock period '10.000', this can lead to different synthesis results.
INFO: [Designutils 20-5440] No compile time benefit to using incremental synthesis; A full resynthesis will be run
INFO: [Designutils 20-4379] Flow is switching to default flow due to incremental criteria not met. If you would like to alter this behaviour and have the flow terminate instead, please set the following parameter config_implementation {autoIncr.Synth.RejectBehavior Terminate}
---------------------------------------------------------------------------------
Finished Constraint Validation : Time (s): cpu = 00:00:05 ; elapsed = 00:00:05 . Memory (MB): peak = 2175.309 ; gain = 655.355 ; free physical = 8093 ; free virtual = 33924
---------------------------------------------------------------------------------
---------------------------------------------------------------------------------
Start Loading Part and Timing Information
---------------------------------------------------------------------------------
Loading part: xc7a100tftg256-1
---------------------------------------------------------------------------------
Finished Loading Part and Timing Information : Time (s): cpu = 00:00:05 ; elapsed = 00:00:05 . Memory (MB): peak = 2183.312 ; gain = 663.359 ; free physical = 8093 ; free virtual = 33924
---------------------------------------------------------------------------------
---------------------------------------------------------------------------------
Start Applying 'set_property' XDC Constraints
---------------------------------------------------------------------------------
Applied set_property KEEP_HIERARCHY = SOFT for U_butterfly/ZETA_ROM. (constraint file  auto generated constraint).
---------------------------------------------------------------------------------
Finished applying 'set_property' XDC Constraints : Time (s): cpu = 00:00:05 ; elapsed = 00:00:05 . Memory (MB): peak = 2183.312 ; gain = 663.359 ; free physical = 8093 ; free virtual = 33924
---------------------------------------------------------------------------------
---------------------------------------------------------------------------------
Finished RTL Optimization Phase 2 : Time (s): cpu = 00:00:06 ; elapsed = 00:00:06 . Memory (MB): peak = 2183.312 ; gain = 663.359 ; free physical = 8091 ; free virtual = 33923
---------------------------------------------------------------------------------
---------------------------------------------------------------------------------
Start RTL Component Statistics 
---------------------------------------------------------------------------------
Detailed RTL Component Info : 
+---Adders : 
	   2 Input   64 Bit       Adders := 1     
	   2 Input   33 Bit       Adders := 1     
	   3 Input   32 Bit       Adders := 1     
	   4 Input   32 Bit       Adders := 2     
	   2 Input   10 Bit       Adders := 1     
	   2 Input    8 Bit       Adders := 3     
+---Registers : 
	               64 Bit    Registers := 4     
	               32 Bit    Registers := 37    
	               21 Bit    Registers := 1     
	               10 Bit    Registers := 2     
	                8 Bit    Registers := 6     
	                7 Bit    Registers := 1     
	                3 Bit    Registers := 1     
	                1 Bit    Registers := 18    
+---Multipliers : 
	              32x32  Multipliers := 3     
+---Muxes : 
	   2 Input   32 Bit        Muxes := 11    
	   6 Input   32 Bit        Muxes := 2     
	   4 Input   32 Bit        Muxes := 2     
	   3 Input   10 Bit        Muxes := 1     
	   2 Input   10 Bit        Muxes := 3     
	   6 Input   10 Bit        Muxes := 1     
	   2 Input    9 Bit        Muxes := 1     
	   2 Input    8 Bit        Muxes := 5     
	   6 Input    8 Bit        Muxes := 1     
	   4 Input    8 Bit        Muxes := 4     
	   2 Input    1 Bit        Muxes := 15    
	   6 Input    1 Bit        Muxes := 7     
---------------------------------------------------------------------------------
Finished RTL Component Statistics 
---------------------------------------------------------------------------------
---------------------------------------------------------------------------------
Start Part Resource Summary
---------------------------------------------------------------------------------
Part Resources:
DSPs: 240 (col length:80)
BRAMs: 270 (col length: RAMB18 80 RAMB36 40)
---------------------------------------------------------------------------------
Finished Part Resource Summary
---------------------------------------------------------------------------------
---------------------------------------------------------------------------------
Start Cross Boundary and Area Optimization
---------------------------------------------------------------------------------
WARNING: [Synth 8-7080] Parallel synthesis criteria is not met
DSP Report: Generating DSP core/mul_s20, operation Mode is: A2*B2.
DSP Report: register core/m1_s1_reg is absorbed into DSP core/mul_s20.
DSP Report: register core/mul_s20 is absorbed into DSP core/mul_s20.
DSP Report: operator core/mul_s20 is absorbed into DSP core/mul_s20.
DSP Report: operator core/mul_s20 is absorbed into DSP core/mul_s20.
DSP Report: Generating DSP core/mul_s2_reg, operation Mode is: (PCIN>>17)+A2*B.
DSP Report: register core/m1_s1_reg is absorbed into DSP core/mul_s2_reg.
DSP Report: register core/mul_s2_reg is absorbed into DSP core/mul_s2_reg.
DSP Report: operator core/mul_s20 is absorbed into DSP core/mul_s2_reg.
DSP Report: operator core/mul_s20 is absorbed into DSP core/mul_s2_reg.
DSP Report: Generating DSP core/mul_s20, operation Mode is: A2*B2.
DSP Report: register core/mul_s20 is absorbed into DSP core/mul_s20.
DSP Report: register core/mul_s20 is absorbed into DSP core/mul_s20.
DSP Report: operator core/mul_s20 is absorbed into DSP core/mul_s20.
DSP Report: operator core/mul_s20 is absorbed into DSP core/mul_s20.
DSP Report: Generating DSP core/mul_s2_reg, operation Mode is: (PCIN>>17)+A2*B.
DSP Report: register core/mul_s2_reg is absorbed into DSP core/mul_s2_reg.
DSP Report: register core/mul_s2_reg is absorbed into DSP core/mul_s2_reg.
DSP Report: operator core/mul_s20 is absorbed into DSP core/mul_s2_reg.
DSP Report: operator core/mul_s20 is absorbed into DSP core/mul_s2_reg.
DSP Report: Generating DSP core/MR1/m_full, operation Mode is: A*B.
DSP Report: operator core/MR1/m_full is absorbed into DSP core/MR1/m_full.
DSP Report: operator core/MR1/m_full is absorbed into DSP core/MR1/m_full.
DSP Report: Generating DSP core/MR1/m_s1_reg, operation Mode is: (PCIN>>17)+A*B.
DSP Report: register core/MR1/m_s1_reg is absorbed into DSP core/MR1/m_s1_reg.
DSP Report: operator core/MR1/m_full is absorbed into DSP core/MR1/m_s1_reg.
DSP Report: operator core/MR1/m_full is absorbed into DSP core/MR1/m_s1_reg.
DSP Report: Generating DSP core/MR1/m_full, operation Mode is: A*B.
DSP Report: operator core/MR1/m_full is absorbed into DSP core/MR1/m_full.
DSP Report: operator core/MR1/m_full is absorbed into DSP core/MR1/m_full.
DSP Report: Generating DSP core/MR1/m_s1_reg, operation Mode is: (PCIN>>17)+A*B.
DSP Report: register core/MR1/m_s1_reg is absorbed into DSP core/MR1/m_s1_reg.
DSP Report: operator core/MR1/m_full is absorbed into DSP core/MR1/m_s1_reg.
DSP Report: operator core/MR1/m_full is absorbed into DSP core/MR1/m_s1_reg.
DSP Report: Generating DSP core/MR1/mq_s20, operation Mode is: A''*B.
DSP Report: register core/MR1/mq_s20 is absorbed into DSP core/MR1/mq_s20.
DSP Report: register core/MR1/mq_s20 is absorbed into DSP core/MR1/mq_s20.
DSP Report: operator core/MR1/mq_s20 is absorbed into DSP core/MR1/mq_s20.
DSP Report: operator core/MR1/mq_s20 is absorbed into DSP core/MR1/mq_s20.
DSP Report: Generating DSP core/MR1/mq_s2_reg, operation Mode is: (PCIN>>17)+A*B''.
DSP Report: register core/q_s2_reg is absorbed into DSP core/MR1/mq_s2_reg.
DSP Report: register core/MR1/q_s1_reg is absorbed into DSP core/MR1/mq_s2_reg.
DSP Report: register core/MR1/mq_s2_reg is absorbed into DSP core/MR1/mq_s2_reg.
DSP Report: operator core/MR1/mq_s20 is absorbed into DSP core/MR1/mq_s2_reg.
DSP Report: operator core/MR1/mq_s20 is absorbed into DSP core/MR1/mq_s2_reg.
DSP Report: Generating DSP core/MR1/mq_s20, operation Mode is: A*B''.
DSP Report: register core/MR1/mq_s20 is absorbed into DSP core/MR1/mq_s20.
DSP Report: register core/MR1/mq_s20 is absorbed into DSP core/MR1/mq_s20.
DSP Report: operator core/MR1/mq_s20 is absorbed into DSP core/MR1/mq_s20.
DSP Report: operator core/MR1/mq_s20 is absorbed into DSP core/MR1/mq_s20.
DSP Report: Generating DSP core/MR1/mq_s2_reg, operation Mode is: (PCIN>>17)+A*B''.
DSP Report: register core/q_s2_reg is absorbed into DSP core/MR1/mq_s2_reg.
DSP Report: register core/MR1/q_s1_reg is absorbed into DSP core/MR1/mq_s2_reg.
DSP Report: register core/MR1/mq_s2_reg is absorbed into DSP core/MR1/mq_s2_reg.
DSP Report: operator core/MR1/mq_s20 is absorbed into DSP core/MR1/mq_s2_reg.
DSP Report: operator core/MR1/mq_s20 is absorbed into DSP core/MR1/mq_s2_reg.
WARNING: [Synth 8-3936] Found unconnected internal register 'U_usb_reg_fe/usb_addr_r_reg' and it is trimmed from '21' to '15' bits. [/home/sangwoo/Downloads/unified_butterfly2/unified_butterfly2.srcs/sources_1/new/cw305_usb_reg_fe.v:69]
WARNING: [Synth 8-7129] Port j16_sel in module cw305_unified_butterfly2_top_v4 is either unconnected or has no load
WARNING: [Synth 8-7129] Port k16_sel in module cw305_unified_butterfly2_top_v4 is either unconnected or has no load
WARNING: [Synth 8-7129] Port k15_sel in module cw305_unified_butterfly2_top_v4 is either unconnected or has no load
WARNING: [Synth 8-7129] Port l14_sel in module cw305_unified_butterfly2_top_v4 is either unconnected or has no load
WARNING: [Synth 8-7129] Port pushbutton in module cw305_unified_butterfly2_top_v4 is either unconnected or has no load
WARNING: [Synth 8-7129] Port pll_clk1 in module cw305_unified_butterfly2_top_v4 is either unconnected or has no load
WARNING: [Synth 8-7129] Port tio_clkin in module cw305_unified_butterfly2_top_v4 is either unconnected or has no load
WARNING: [Synth 8-3332] Sequential element (U_butterfly/core/mul_s2_reg[47]) is unused and will be removed from module cw305_unified_butterfly2_top_v4.
WARNING: [Synth 8-3332] Sequential element (U_butterfly/core/mul_s2_reg[46]) is unused and will be removed from module cw305_unified_butterfly2_top_v4.
WARNING: [Synth 8-3332] Sequential element (U_butterfly/core/mul_s2_reg[45]) is unused and will be removed from module cw305_unified_butterfly2_top_v4.
WARNING: [Synth 8-3332] Sequential element (U_butterfly/core/mul_s2_reg[44]) is unused and will be removed from module cw305_unified_butterfly2_top_v4.
WARNING: [Synth 8-3332] Sequential element (U_butterfly/core/mul_s2_reg[43]) is unused and will be removed from module cw305_unified_butterfly2_top_v4.
WARNING: [Synth 8-3332] Sequential element (U_butterfly/core/mul_s2_reg[42]) is unused and will be removed from module cw305_unified_butterfly2_top_v4.
WARNING: [Synth 8-3332] Sequential element (U_butterfly/core/mul_s2_reg[41]) is unused and will be removed from module cw305_unified_butterfly2_top_v4.
WARNING: [Synth 8-3332] Sequential element (U_butterfly/core/mul_s2_reg[40]) is unused and will be removed from module cw305_unified_butterfly2_top_v4.
WARNING: [Synth 8-3332] Sequential element (U_butterfly/core/mul_s2_reg[39]) is unused and will be removed from module cw305_unified_butterfly2_top_v4.
WARNING: [Synth 8-3332] Sequential element (U_butterfly/core/mul_s2_reg[38]) is unused and will be removed from module cw305_unified_butterfly2_top_v4.
WARNING: [Synth 8-3332] Sequential element (U_butterfly/core/mul_s2_reg[37]) is unused and will be removed from module cw305_unified_butterfly2_top_v4.
WARNING: [Synth 8-3332] Sequential element (U_butterfly/core/mul_s2_reg[36]) is unused and will be removed from module cw305_unified_butterfly2_top_v4.
WARNING: [Synth 8-3332] Sequential element (U_butterfly/core/mul_s2_reg[35]) is unused and will be removed from module cw305_unified_butterfly2_top_v4.
WARNING: [Synth 8-3332] Sequential element (U_butterfly/core/mul_s2_reg[34]) is unused and will be removed from module cw305_unified_butterfly2_top_v4.
WARNING: [Synth 8-3332] Sequential element (U_butterfly/core/mul_s2_reg[33]) is unused and will be removed from module cw305_unified_butterfly2_top_v4.
WARNING: [Synth 8-3332] Sequential element (U_butterfly/core/mul_s2_reg[32]) is unused and will be removed from module cw305_unified_butterfly2_top_v4.
WARNING: [Synth 8-3332] Sequential element (U_butterfly/core/mul_s2_reg[31]) is unused and will be removed from module cw305_unified_butterfly2_top_v4.
WARNING: [Synth 8-3332] Sequential element (U_butterfly/core/mul_s2_reg[30]) is unused and will be removed from module cw305_unified_butterfly2_top_v4.
WARNING: [Synth 8-3332] Sequential element (U_butterfly/core/mul_s2_reg[29]) is unused and will be removed from module cw305_unified_butterfly2_top_v4.
WARNING: [Synth 8-3332] Sequential element (U_butterfly/core/mul_s2_reg[28]) is unused and will be removed from module cw305_unified_butterfly2_top_v4.
WARNING: [Synth 8-3332] Sequential element (U_butterfly/core/mul_s2_reg[27]) is unused and will be removed from module cw305_unified_butterfly2_top_v4.
WARNING: [Synth 8-3332] Sequential element (U_butterfly/core/mul_s2_reg[26]) is unused and will be removed from module cw305_unified_butterfly2_top_v4.
WARNING: [Synth 8-3332] Sequential element (U_butterfly/core/mul_s2_reg[25]) is unused and will be removed from module cw305_unified_butterfly2_top_v4.
WARNING: [Synth 8-3332] Sequential element (U_butterfly/core/mul_s2_reg[24]) is unused and will be removed from module cw305_unified_butterfly2_top_v4.
WARNING: [Synth 8-3332] Sequential element (U_butterfly/core/mul_s2_reg[23]) is unused and will be removed from module cw305_unified_butterfly2_top_v4.
WARNING: [Synth 8-3332] Sequential element (U_butterfly/core/mul_s2_reg[22]) is unused and will be removed from module cw305_unified_butterfly2_top_v4.
WARNING: [Synth 8-3332] Sequential element (U_butterfly/core/mul_s2_reg[21]) is unused and will be removed from module cw305_unified_butterfly2_top_v4.
WARNING: [Synth 8-3332] Sequential element (U_butterfly/core/mul_s2_reg[20]) is unused and will be removed from module cw305_unified_butterfly2_top_v4.
WARNING: [Synth 8-3332] Sequential element (U_butterfly/core/mul_s2_reg[19]) is unused and will be removed from module cw305_unified_butterfly2_top_v4.
WARNING: [Synth 8-3332] Sequential element (U_butterfly/core/mul_s2_reg[18]) is unused and will be removed from module cw305_unified_butterfly2_top_v4.
WARNING: [Synth 8-3332] Sequential element (U_butterfly/core/mul_s2_reg[17]) is unused and will be removed from module cw305_unified_butterfly2_top_v4.
WARNING: [Synth 8-3332] Sequential element (U_butterfly/core/mul_s2_reg[47]__0) is unused and will be removed from module cw305_unified_butterfly2_top_v4.
WARNING: [Synth 8-3332] Sequential element (U_butterfly/core/mul_s2_reg[46]__0) is unused and will be removed from module cw305_unified_butterfly2_top_v4.
WARNING: [Synth 8-3332] Sequential element (U_butterfly/core/mul_s2_reg[45]__0) is unused and will be removed from module cw305_unified_butterfly2_top_v4.
WARNING: [Synth 8-3332] Sequential element (U_butterfly/core/mul_s2_reg[44]__0) is unused and will be removed from module cw305_unified_butterfly2_top_v4.
WARNING: [Synth 8-3332] Sequential element (U_butterfly/core/mul_s2_reg[43]__0) is unused and will be removed from module cw305_unified_butterfly2_top_v4.
WARNING: [Synth 8-3332] Sequential element (U_butterfly/core/mul_s2_reg[42]__0) is unused and will be removed from module cw305_unified_butterfly2_top_v4.
WARNING: [Synth 8-3332] Sequential element (U_butterfly/core/mul_s2_reg[41]__0) is unused and will be removed from module cw305_unified_butterfly2_top_v4.
WARNING: [Synth 8-3332] Sequential element (U_butterfly/core/mul_s2_reg[40]__0) is unused and will be removed from module cw305_unified_butterfly2_top_v4.
WARNING: [Synth 8-3332] Sequential element (U_butterfly/core/mul_s2_reg[39]__0) is unused and will be removed from module cw305_unified_butterfly2_top_v4.
WARNING: [Synth 8-3332] Sequential element (U_butterfly/core/mul_s2_reg[38]__0) is unused and will be removed from module cw305_unified_butterfly2_top_v4.
WARNING: [Synth 8-3332] Sequential element (U_butterfly/core/mul_s2_reg[37]__0) is unused and will be removed from module cw305_unified_butterfly2_top_v4.
WARNING: [Synth 8-3332] Sequential element (U_butterfly/core/mul_s2_reg[36]__0) is unused and will be removed from module cw305_unified_butterfly2_top_v4.
WARNING: [Synth 8-3332] Sequential element (U_butterfly/core/mul_s2_reg[35]__0) is unused and will be removed from module cw305_unified_butterfly2_top_v4.
WARNING: [Synth 8-3332] Sequential element (U_butterfly/core/mul_s2_reg[34]__0) is unused and will be removed from module cw305_unified_butterfly2_top_v4.
WARNING: [Synth 8-3332] Sequential element (U_butterfly/core/mul_s2_reg[33]__0) is unused and will be removed from module cw305_unified_butterfly2_top_v4.
WARNING: [Synth 8-3332] Sequential element (U_butterfly/core/mul_s2_reg[32]__0) is unused and will be removed from module cw305_unified_butterfly2_top_v4.
WARNING: [Synth 8-3332] Sequential element (U_butterfly/core/mul_s2_reg[31]__0) is unused and will be removed from module cw305_unified_butterfly2_top_v4.
WARNING: [Synth 8-3332] Sequential element (U_butterfly/core/mul_s2_reg[30]__0) is unused and will be removed from module cw305_unified_butterfly2_top_v4.
WARNING: [Synth 8-3332] Sequential element (U_butterfly/core/mul_s2_reg[29]__0) is unused and will be removed from module cw305_unified_butterfly2_top_v4.
WARNING: [Synth 8-3332] Sequential element (U_butterfly/core/mul_s2_reg[28]__0) is unused and will be removed from module cw305_unified_butterfly2_top_v4.
WARNING: [Synth 8-3332] Sequential element (U_butterfly/core/mul_s2_reg[27]__0) is unused and will be removed from module cw305_unified_butterfly2_top_v4.
WARNING: [Synth 8-3332] Sequential element (U_butterfly/core/mul_s2_reg[26]__0) is unused and will be removed from module cw305_unified_butterfly2_top_v4.
WARNING: [Synth 8-3332] Sequential element (U_butterfly/core/mul_s2_reg[25]__0) is unused and will be removed from module cw305_unified_butterfly2_top_v4.
WARNING: [Synth 8-3332] Sequential element (U_butterfly/core/mul_s2_reg[24]__0) is unused and will be removed from module cw305_unified_butterfly2_top_v4.
WARNING: [Synth 8-3332] Sequential element (U_butterfly/core/mul_s2_reg[23]__0) is unused and will be removed from module cw305_unified_butterfly2_top_v4.
WARNING: [Synth 8-3332] Sequential element (U_butterfly/core/mul_s2_reg[22]__0) is unused and will be removed from module cw305_unified_butterfly2_top_v4.
WARNING: [Synth 8-3332] Sequential element (U_butterfly/core/mul_s2_reg[21]__0) is unused and will be removed from module cw305_unified_butterfly2_top_v4.
WARNING: [Synth 8-3332] Sequential element (U_butterfly/core/mul_s2_reg[20]__0) is unused and will be removed from module cw305_unified_butterfly2_top_v4.
WARNING: [Synth 8-3332] Sequential element (U_butterfly/core/mul_s2_reg[19]__0) is unused and will be removed from module cw305_unified_butterfly2_top_v4.
WARNING: [Synth 8-3332] Sequential element (U_butterfly/core/mul_s2_reg[18]__0) is unused and will be removed from module cw305_unified_butterfly2_top_v4.
WARNING: [Synth 8-3332] Sequential element (U_butterfly/core/mul_s2_reg[17]__0) is unused and will be removed from module cw305_unified_butterfly2_top_v4.
WARNING: [Synth 8-3332] Sequential element (U_butterfly/core/MR1/m_s1_reg[47]) is unused and will be removed from module cw305_unified_butterfly2_top_v4.
WARNING: [Synth 8-3332] Sequential element (U_butterfly/core/MR1/m_s1_reg[46]) is unused and will be removed from module cw305_unified_butterfly2_top_v4.
WARNING: [Synth 8-3332] Sequential element (U_butterfly/core/MR1/m_s1_reg[45]) is unused and will be removed from module cw305_unified_butterfly2_top_v4.
WARNING: [Synth 8-3332] Sequential element (U_butterfly/core/MR1/m_s1_reg[44]) is unused and will be removed from module cw305_unified_butterfly2_top_v4.
WARNING: [Synth 8-3332] Sequential element (U_butterfly/core/MR1/m_s1_reg[43]) is unused and will be removed from module cw305_unified_butterfly2_top_v4.
WARNING: [Synth 8-3332] Sequential element (U_butterfly/core/MR1/m_s1_reg[42]) is unused and will be removed from module cw305_unified_butterfly2_top_v4.
WARNING: [Synth 8-3332] Sequential element (U_butterfly/core/MR1/m_s1_reg[41]) is unused and will be removed from module cw305_unified_butterfly2_top_v4.
WARNING: [Synth 8-3332] Sequential element (U_butterfly/core/MR1/m_s1_reg[40]) is unused and will be removed from module cw305_unified_butterfly2_top_v4.
WARNING: [Synth 8-3332] Sequential element (U_butterfly/core/MR1/m_s1_reg[39]) is unused and will be removed from module cw305_unified_butterfly2_top_v4.
WARNING: [Synth 8-3332] Sequential element (U_butterfly/core/MR1/m_s1_reg[38]) is unused and will be removed from module cw305_unified_butterfly2_top_v4.
WARNING: [Synth 8-3332] Sequential element (U_butterfly/core/MR1/m_s1_reg[37]) is unused and will be removed from module cw305_unified_butterfly2_top_v4.
WARNING: [Synth 8-3332] Sequential element (U_butterfly/core/MR1/m_s1_reg[36]) is unused and will be removed from module cw305_unified_butterfly2_top_v4.
WARNING: [Synth 8-3332] Sequential element (U_butterfly/core/MR1/m_s1_reg[35]) is unused and will be removed from module cw305_unified_butterfly2_top_v4.
WARNING: [Synth 8-3332] Sequential element (U_butterfly/core/MR1/m_s1_reg[34]) is unused and will be removed from module cw305_unified_butterfly2_top_v4.
WARNING: [Synth 8-3332] Sequential element (U_butterfly/core/MR1/m_s1_reg[33]) is unused and will be removed from module cw305_unified_butterfly2_top_v4.
WARNING: [Synth 8-3332] Sequential element (U_butterfly/core/MR1/m_s1_reg[32]) is unused and will be removed from module cw305_unified_butterfly2_top_v4.
WARNING: [Synth 8-3332] Sequential element (U_butterfly/core/MR1/m_s1_reg[31]) is unused and will be removed from module cw305_unified_butterfly2_top_v4.
WARNING: [Synth 8-3332] Sequential element (U_butterfly/core/MR1/m_s1_reg[30]) is unused and will be removed from module cw305_unified_butterfly2_top_v4.
WARNING: [Synth 8-3332] Sequential element (U_butterfly/core/MR1/m_s1_reg[29]) is unused and will be removed from module cw305_unified_butterfly2_top_v4.
WARNING: [Synth 8-3332] Sequential element (U_butterfly/core/MR1/m_s1_reg[28]) is unused and will be removed from module cw305_unified_butterfly2_top_v4.
WARNING: [Synth 8-3332] Sequential element (U_butterfly/core/MR1/m_s1_reg[27]) is unused and will be removed from module cw305_unified_butterfly2_top_v4.
WARNING: [Synth 8-3332] Sequential element (U_butterfly/core/MR1/m_s1_reg[26]) is unused and will be removed from module cw305_unified_butterfly2_top_v4.
WARNING: [Synth 8-3332] Sequential element (U_butterfly/core/MR1/m_s1_reg[25]) is unused and will be removed from module cw305_unified_butterfly2_top_v4.
WARNING: [Synth 8-3332] Sequential element (U_butterfly/core/MR1/m_s1_reg[24]) is unused and will be removed from module cw305_unified_butterfly2_top_v4.
WARNING: [Synth 8-3332] Sequential element (U_butterfly/core/MR1/m_s1_reg[23]) is unused and will be removed from module cw305_unified_butterfly2_top_v4.
WARNING: [Synth 8-3332] Sequential element (U_butterfly/core/MR1/m_s1_reg[22]) is unused and will be removed from module cw305_unified_butterfly2_top_v4.
WARNING: [Synth 8-3332] Sequential element (U_butterfly/core/MR1/m_s1_reg[21]) is unused and will be removed from module cw305_unified_butterfly2_top_v4.
WARNING: [Synth 8-3332] Sequential element (U_butterfly/core/MR1/m_s1_reg[20]) is unused and will be removed from module cw305_unified_butterfly2_top_v4.
WARNING: [Synth 8-3332] Sequential element (U_butterfly/core/MR1/m_s1_reg[19]) is unused and will be removed from module cw305_unified_butterfly2_top_v4.
WARNING: [Synth 8-3332] Sequential element (U_butterfly/core/MR1/m_s1_reg[18]) is unused and will be removed from module cw305_unified_butterfly2_top_v4.
WARNING: [Synth 8-3332] Sequential element (U_butterfly/core/MR1/m_s1_reg[17]) is unused and will be removed from module cw305_unified_butterfly2_top_v4.
WARNING: [Synth 8-3332] Sequential element (U_butterfly/core/MR1/m_s1_reg[16]) is unused and will be removed from module cw305_unified_butterfly2_top_v4.
WARNING: [Synth 8-3332] Sequential element (U_butterfly/core/MR1/m_s1_reg[15]) is unused and will be removed from module cw305_unified_butterfly2_top_v4.
WARNING: [Synth 8-3332] Sequential element (U_butterfly/core/MR1/m_s1_reg[47]__0) is unused and will be removed from module cw305_unified_butterfly2_top_v4.
WARNING: [Synth 8-3332] Sequential element (U_butterfly/core/MR1/m_s1_reg[46]__0) is unused and will be removed from module cw305_unified_butterfly2_top_v4.
WARNING: [Synth 8-3332] Sequential element (U_butterfly/core/MR1/m_s1_reg[45]__0) is unused and will be removed from module cw305_unified_butterfly2_top_v4.
WARNING: [Synth 8-3332] Sequential element (U_butterfly/core/MR1/m_s1_reg[44]__0) is unused and will be removed from module cw305_unified_butterfly2_top_v4.
WARNING: [Synth 8-3332] Sequential element (U_butterfly/core/MR1/m_s1_reg[43]__0) is unused and will be removed from module cw305_unified_butterfly2_top_v4.
INFO: [Common 17-14] Message 'Synth 8-3332' appears 100 times and further instances of the messages will be disabled. Use the Tcl command set_msg_config to change the current settings.
---------------------------------------------------------------------------------
Finished Cross Boundary and Area Optimization : Time (s): cpu = 00:00:07 ; elapsed = 00:00:08 . Memory (MB): peak = 2183.312 ; gain = 663.359 ; free physical = 8110 ; free virtual = 33947
---------------------------------------------------------------------------------
 Sort Area is  core/MR1/mq_s20_c : 0 0 : 3137 5995 : Used 1 time 0
 Sort Area is  core/MR1/mq_s20_c : 0 1 : 2858 5995 : Used 1 time 0
 Sort Area is  core/MR1/m_full_6 : 0 0 : 3101 5927 : Used 1 time 0
 Sort Area is  core/MR1/m_full_6 : 0 1 : 2826 5927 : Used 1 time 0
 Sort Area is  core/MR1/mq_s20_f : 0 0 : 2795 5534 : Used 1 time 0
 Sort Area is  core/MR1/mq_s20_f : 0 1 : 2739 5534 : Used 1 time 0
 Sort Area is  core/MR1/m_full_9 : 0 0 : 2759 5466 : Used 1 time 0
 Sort Area is  core/MR1/m_full_9 : 0 1 : 2707 5466 : Used 1 time 0
 Sort Area is  core/mul_s20_0 : 0 0 : 2737 5149 : Used 1 time 0
 Sort Area is  core/mul_s20_0 : 0 1 : 2412 5149 : Used 1 time 0
 Sort Area is  core/mul_s20_3 : 0 0 : 2373 4592 : Used 1 time 0
 Sort Area is  core/mul_s20_3 : 0 1 : 2219 4592 : Used 1 time 0
---------------------------------------------------------------------------------
Start ROM, RAM, DSP, Shift Register and Retiming Reporting
---------------------------------------------------------------------------------

DSP: Preliminary Mapping Report (see note below. The ' indicates corresponding REG is set)
+-----------------------+------------------+--------+--------+--------+--------+--------+------+------+------+------+-------+------+------+
|Module Name            | DSP Mapping      | A Size | B Size | C Size | D Size | P Size | AREG | BREG | CREG | DREG | ADREG | MREG | PREG | 
+-----------------------+------------------+--------+--------+--------+--------+--------+------+------+------+------+-------+------+------+
|unified_butterfly2_top | A2*B2            | 18     | 16     | -      | -      | 48     | 1    | 1    | -    | -    | -     | 0    | 0    | 
|unified_butterfly2_top | (PCIN>>17)+A2*B  | 16     | 16     | -      | -      | 48     | 1    | 0    | -    | -    | -     | 0    | 1    | 
|unified_butterfly2_top | A2*B2            | 18     | 18     | -      | -      | 48     | 1    | 1    | -    | -    | -     | 0    | 0    | 
|unified_butterfly2_top | (PCIN>>17)+A2*B  | 18     | 16     | -      | -      | 48     | 1    | 0    | -    | -    | -     | 0    | 1    | 
|unified_butterfly2_top | A*B              | 18     | 16     | -      | -      | 48     | 0    | 0    | -    | -    | -     | 0    | 0    | 
|unified_butterfly2_top | (PCIN>>17)+A*B   | 16     | 16     | -      | -      | 48     | 0    | 0    | -    | -    | -     | 0    | 1    | 
|unified_butterfly2_top | A*B              | 18     | 18     | -      | -      | 48     | 0    | 0    | -    | -    | -     | 0    | 0    | 
|unified_butterfly2_top | (PCIN>>17)+A*B   | 18     | 16     | -      | -      | 48     | 0    | 0    | -    | -    | -     | 0    | 1    | 
|unified_butterfly2_top | A''*B            | 18     | 16     | -      | -      | 48     | 2    | 0    | -    | -    | -     | 0    | 0    | 
|unified_butterfly2_top | (PCIN>>17)+A*B'' | 16     | 16     | -      | -      | 48     | 0    | 2    | -    | -    | -     | 0    | 1    | 
|unified_butterfly2_top | A*B''            | 18     | 18     | -      | -      | 48     | 0    | 2    | -    | -    | -     | 0    | 0    | 
|unified_butterfly2_top | (PCIN>>17)+A*B'' | 18     | 16     | -      | -      | 48     | 0    | 2    | -    | -    | -     | 0    | 1    | 
+-----------------------+------------------+--------+--------+--------+--------+--------+------+------+------+------+-------+------+------+

Note: The table above is a preliminary report that shows the DSPs inferred at the current stage of the synthesis flow. Some DSP may be reimplemented as non DSP primitives later in the synthesis flow. Multiple instantiated DSPs are reported only once.
---------------------------------------------------------------------------------
Finished ROM, RAM, DSP, Shift Register and Retiming Reporting
---------------------------------------------------------------------------------
---------------------------------------------------------------------------------
Start Applying XDC Timing Constraints
---------------------------------------------------------------------------------
---------------------------------------------------------------------------------
Finished Applying XDC Timing Constraints : Time (s): cpu = 00:00:10 ; elapsed = 00:00:11 . Memory (MB): peak = 2273.312 ; gain = 753.359 ; free physical = 7994 ; free virtual = 33831
---------------------------------------------------------------------------------
---------------------------------------------------------------------------------
Start Timing Optimization
---------------------------------------------------------------------------------
---------------------------------------------------------------------------------
Finished Timing Optimization : Time (s): cpu = 00:00:11 ; elapsed = 00:00:11 . Memory (MB): peak = 2278.312 ; gain = 758.359 ; free physical = 7993 ; free virtual = 33830
---------------------------------------------------------------------------------
---------------------------------------------------------------------------------
Start Technology Mapping
---------------------------------------------------------------------------------
---------------------------------------------------------------------------------
Finished Technology Mapping : Time (s): cpu = 00:00:11 ; elapsed = 00:00:11 . Memory (MB): peak = 2306.359 ; gain = 786.406 ; free physical = 7960 ; free virtual = 33798
---------------------------------------------------------------------------------
---------------------------------------------------------------------------------
Start IO Insertion
---------------------------------------------------------------------------------
---------------------------------------------------------------------------------
Start Flattening Before IO Insertion
---------------------------------------------------------------------------------
---------------------------------------------------------------------------------
Finished Flattening Before IO Insertion
---------------------------------------------------------------------------------
---------------------------------------------------------------------------------
Start Final Netlist Cleanup
---------------------------------------------------------------------------------
---------------------------------------------------------------------------------
Finished Final Netlist Cleanup
---------------------------------------------------------------------------------
---------------------------------------------------------------------------------
Finished IO Insertion : Time (s): cpu = 00:00:12 ; elapsed = 00:00:12 . Memory (MB): peak = 2458.172 ; gain = 938.219 ; free physical = 7836 ; free virtual = 33674
---------------------------------------------------------------------------------
---------------------------------------------------------------------------------
Start Renaming Generated Instances
---------------------------------------------------------------------------------
---------------------------------------------------------------------------------
Finished Renaming Generated Instances : Time (s): cpu = 00:00:12 ; elapsed = 00:00:12 . Memory (MB): peak = 2458.172 ; gain = 938.219 ; free physical = 7836 ; free virtual = 33674
---------------------------------------------------------------------------------
---------------------------------------------------------------------------------
Start Rebuilding User Hierarchy
---------------------------------------------------------------------------------
---------------------------------------------------------------------------------
Finished Rebuilding User Hierarchy : Time (s): cpu = 00:00:12 ; elapsed = 00:00:12 . Memory (MB): peak = 2458.172 ; gain = 938.219 ; free physical = 7836 ; free virtual = 33674
---------------------------------------------------------------------------------
---------------------------------------------------------------------------------
Start Renaming Generated Ports
---------------------------------------------------------------------------------
---------------------------------------------------------------------------------
Finished Renaming Generated Ports : Time (s): cpu = 00:00:12 ; elapsed = 00:00:12 . Memory (MB): peak = 2458.172 ; gain = 938.219 ; free physical = 7836 ; free virtual = 33674
---------------------------------------------------------------------------------
---------------------------------------------------------------------------------
Start Handling Custom Attributes
---------------------------------------------------------------------------------
---------------------------------------------------------------------------------
Finished Handling Custom Attributes : Time (s): cpu = 00:00:12 ; elapsed = 00:00:12 . Memory (MB): peak = 2458.172 ; gain = 938.219 ; free physical = 7836 ; free virtual = 33674
---------------------------------------------------------------------------------
---------------------------------------------------------------------------------
Start Renaming Generated Nets
---------------------------------------------------------------------------------
---------------------------------------------------------------------------------
Finished Renaming Generated Nets : Time (s): cpu = 00:00:12 ; elapsed = 00:00:12 . Memory (MB): peak = 2458.172 ; gain = 938.219 ; free physical = 7836 ; free virtual = 33674
---------------------------------------------------------------------------------
---------------------------------------------------------------------------------
Start ROM, RAM, DSP, Shift Register and Retiming Reporting
---------------------------------------------------------------------------------

Static Shift Register Report:
+--------------------------------+------------------------------------+--------+-------+--------------+--------------------+-------------------+--------+---------+
|Module Name                     | RTL Name                           | Length | Width | Reset Signal | Pull out first Reg | Pull out last Reg | SRL16E | SRLC32E | 
+--------------------------------+------------------------------------+--------+-------+--------------+--------------------+-------------------+--------+---------+
|cw305_unified_butterfly2_top_v4 | U_butterfly/core/MR1/q_s3_reg[22]  | 3      | 2     | NO           | NO                 | YES               | 2      | 0       | 
|cw305_unified_butterfly2_top_v4 | U_butterfly/core/mode_pipe_reg[3]  | 6      | 1     | NO           | NO                 | YES               | 1      | 0       | 
|cw305_unified_butterfly2_top_v4 | U_butterfly/core/b_pipe_reg[3][31] | 6      | 32    | NO           | NO                 | YES               | 32     | 0       | 
|cw305_unified_butterfly2_top_v4 | U_butterfly/core/a_pipe_reg[3][31] | 6      | 32    | NO           | NO                 | YES               | 32     | 0       | 
+--------------------------------+------------------------------------+--------+-------+--------------+--------------------+-------------------+--------+---------+

---------------------------------------------------------------------------------
Finished ROM, RAM, DSP, Shift Register and Retiming Reporting
---------------------------------------------------------------------------------
---------------------------------------------------------------------------------
Start Writing Synthesis Report
---------------------------------------------------------------------------------

DSP Final Report (the ' indicates corresponding REG is set)
+-----------------------+-------------------+--------+--------+--------+--------+--------+------+------+------+------+-------+------+------+
|Module Name            | DSP Mapping       | A Size | B Size | C Size | D Size | P Size | AREG | BREG | CREG | DREG | ADREG | MREG | PREG | 
+-----------------------+-------------------+--------+--------+--------+--------+--------+------+------+------+------+-------+------+------+
|unified_butterfly2_top | A'*B'             | 17     | 15     | -      | -      | 48     | 1    | 1    | -    | -    | -     | 0    | 0    | 
|unified_butterfly2_top | (PCIN>>17+A'*B')' | 15     | 15     | -      | -      | 48     | 1    | 1    | -    | -    | -     | 0    | 1    | 
|unified_butterfly2_top | A'*B'             | 17     | 17     | -      | -      | 48     | 1    | 1    | -    | -    | -     | 0    | 0    | 
|unified_butterfly2_top | (PCIN>>17+A*B')'  | 0      | 15     | -      | -      | 48     | 0    | 1    | -    | -    | -     | 0    | 1    | 
|unified_butterfly2_top | (A*B)'            | 17     | 15     | -      | -      | 48     | 0    | 0    | -    | -    | -     | 0    | 1    | 
|unified_butterfly2_top | A*B               | 17     | 17     | -      | -      | 48     | 0    | 0    | -    | -    | -     | 0    | 0    | 
|unified_butterfly2_top | (PCIN>>17+A*B)'   | 17     | 15     | -      | -      | 48     | 0    | 0    | -    | -    | -     | 0    | 1    | 
|unified_butterfly2_top | A''*B             | 17     | 15     | -      | -      | 48     | 2    | 0    | -    | -    | -     | 0    | 0    | 
|unified_butterfly2_top | (PCIN>>17+A*B'')' | 15     | 6      | -      | -      | 48     | 0    | 2    | -    | -    | -     | 0    | 1    | 
|unified_butterfly2_top | A*B''             | 17     | 17     | -      | -      | 48     | 0    | 2    | -    | -    | -     | 0    | 0    | 
|unified_butterfly2_top | (PCIN>>17+A*B'')' | 0      | 6      | -      | -      | 48     | 0    | 2    | -    | -    | -     | 0    | 1    | 
+-----------------------+-------------------+--------+--------+--------+--------+--------+------+------+------+------+-------+------+------+


Report BlackBoxes: 
+------+--------------+----------+
|      |BlackBox name |Instances |
+------+--------------+----------+
|1     |blk_mem_gen_0 |         1|
+------+--------------+----------+

Report Cell Usage: 
+------+------------+------+
|      |Cell        |Count |
+------+------------+------+
|1     |blk_mem_gen |     1|
|2     |BUFG        |     1|
|3     |CARRY4      |   104|
|4     |DSP48E1     |    11|
|11    |LUT1        |    25|
|12    |LUT2        |   266|
|13    |LUT3        |   165|
|14    |LUT4        |   146|
|15    |LUT5        |    88|
|16    |LUT6        |   132|
|17    |MUXF7       |     5|
|18    |SRL16E      |    67|
|19    |FDRE        |   765|
|20    |IBUF        |    20|
|21    |IOBUF       |     8|
|22    |OBUF        |     5|
+------+------------+------+
---------------------------------------------------------------------------------
Finished Writing Synthesis Report : Time (s): cpu = 00:00:12 ; elapsed = 00:00:12 . Memory (MB): peak = 2458.172 ; gain = 938.219 ; free physical = 7836 ; free virtual = 33674
---------------------------------------------------------------------------------
Synthesis finished with 0 errors, 0 critical warnings and 197 warnings.
Synthesis Optimization Runtime : Time (s): cpu = 00:00:11 ; elapsed = 00:00:11 . Memory (MB): peak = 2458.172 ; gain = 796.473 ; free physical = 7836 ; free virtual = 33674
Synthesis Optimization Complete : Time (s): cpu = 00:00:12 ; elapsed = 00:00:12 . Memory (MB): peak = 2458.180 ; gain = 938.219 ; free physical = 7836 ; free virtual = 33674
INFO: [Project 1-571] Translating synthesized netlist
Netlist sorting complete. Time (s): cpu = 00:00:00.01 ; elapsed = 00:00:00.01 . Memory (MB): peak = 2458.180 ; gain = 0.000 ; free physical = 8001 ; free virtual = 33838
INFO: [Netlist 29-17] Analyzing 128 Unisim elements for replacement
INFO: [Netlist 29-28] Unisim Transformation completed in 0 CPU seconds
INFO: [Project 1-570] Preparing netlist for logic optimization
INFO: [Opt 31-138] Pushed 0 inverter(s) to 0 load pin(s).
Netlist sorting complete. Time (s): cpu = 00:00:00 ; elapsed = 00:00:00 . Memory (MB): peak = 2514.199 ; gain = 0.000 ; free physical = 8008 ; free virtual = 33845
INFO: [Project 1-111] Unisim Transformation Summary:
  A total of 8 instances were transformed.
  IOBUF => IOBUF (IBUF, OBUFT): 8 instances

Synth Design complete | Checksum: 7684f1f7
INFO: [Common 17-83] Releasing license: Synthesis
37 Infos, 118 Warnings, 0 Critical Warnings and 0 Errors encountered.
synth_design completed successfully
synth_design: Time (s): cpu = 00:00:16 ; elapsed = 00:00:15 . Memory (MB): peak = 2514.199 ; gain = 1132.699 ; free physical = 8008 ; free virtual = 33845
INFO: [Common 17-2834] synth_design peak Physical Memory [PSS] (MB): overall = 1664.047; main = 1664.047; forked = 268.230
INFO: [Common 17-2834] synth_design peak Virtual Memory [VSS] (MB): overall = 3128.895; main = 2514.203; forked = 919.578
Write ShapeDB Complete: Time (s): cpu = 00:00:00.01 ; elapsed = 00:00:00.01 . Memory (MB): peak = 2538.211 ; gain = 0.000 ; free physical = 8007 ; free virtual = 33845
INFO: [Common 17-1381] The checkpoint '/home/sangwoo/Downloads/unified_butterfly2/unified_butterfly2.runs/synth_1/cw305_unified_butterfly2_top_v4.dcp' has been generated.
INFO: [Vivado 12-24828] Executing command : report_utilization -file cw305_unified_butterfly2_top_v4_utilization_synth.rpt -pb cw305_unified_butterfly2_top_v4_utilization_synth.pb
INFO: [Common 17-206] Exiting Vivado at Sat May  9 15:42:29 2026...
